Archive member included because of file (symbol)

../cross_compiler/lib/gcc/arm-none-eabi/4.8.1//libgcc.a(_udivsi3.o)
                              binaries/qsort.o (__aeabi_uidiv)
../cross_compiler/lib/gcc/arm-none-eabi/4.8.1//libgcc.a(_divsi3.o)
                              binaries/doprnt.o (__aeabi_idiv)
../cross_compiler/lib/gcc/arm-none-eabi/4.8.1//libgcc.a(_dvmd_tls.o)
                              ../cross_compiler/lib/gcc/arm-none-eabi/4.8.1//libgcc.a(_udivsi3.o) (__aeabi_idiv0)
../cross_compiler/lib/gcc/arm-none-eabi/4.8.1//libgcc.a(_arm_muldivdf3.o)
                              binaries/doprnt.o (__aeabi_dmul)
../cross_compiler/lib/gcc/arm-none-eabi/4.8.1//libgcc.a(_arm_cmpdf2.o)
                              binaries/doprnt.o (__aeabi_dcmplt)
../cross_compiler/lib/gcc/arm-none-eabi/4.8.1//libgcc.a(_arm_fixdfsi.o)
                              binaries/doprnt.o (__aeabi_d2iz)

Allocating common symbols
Common symbol       size              file

netbufpool          0x4               binaries/net.o
broker_slot         0x4               binaries/MQTTSN.o
readylist           0x2               binaries/ready.o
rfltab              0x5a0             binaries/rflinit.o
netportseed         0x4               binaries/net.o
sleepq              0x2               binaries/clkinit.o
intc_vector         0x200             binaries/evec.o
nnames              0x4               binaries/naminit.o
udptab              0x168             binaries/udp.o
minheap             0x4               binaries/meminit.o
marks               0x50              binaries/mark.o
currpid             0x4               binaries/initialize.o
Lf_data             0x20c             binaries/lfsinit.o
porttab             0x2d0             binaries/ptinit.o
ttytab              0x110             binaries/ttyinit.o
proctab             0x15e0            binaries/initialize.o
sendbuf             0xc8              binaries/MQTTSN.o
eth_a_regs          0x1c              binaries/ethinit.o
readbuf             0xc8              binaries/MQTTSN.o
prcount             0x4               binaries/initialize.o
lfltab              0xf00             binaries/lflinit.o
BAR                 0x4               binaries/main.o
rdstab              0x8c              binaries/rdsinit.o
ethertab            0x138             binaries/ethinit.o
NetData             0xb0              binaries/net.o
mqttsntab           0xc8              binaries/MQTTSN.o
clktime_ms          0x4               binaries/clkinit.o
nmarks              0x4               binaries/mark.o
Defer               0x8               binaries/resched.o
semtab              0x4b0             binaries/initialize.o
maxheap             0x4               binaries/meminit.o
preempt             0x4               binaries/clkinit.o
buftab              0xf0              binaries/bufinit.o
Rf_data             0x18              binaries/rfsinit.o
mkmutex             0x4               binaries/mark.o
printMutex          0x4               binaries/main.o
socket_sem          0x4               binaries/MQTTSN.o
clktime             0x4               binaries/clkinit.o
arpcache            0x140             binaries/arp.o
icmptab             0x230             binaries/icmp.o
nbpools             0x4               binaries/bufinit.o
queuetab            0x980             binaries/queue.o
ptnextid            0x4               binaries/ptinit.o
Ram                 0x19000           binaries/raminit.o
FOO                 0x4               binaries/main.o
ipoqueue            0x2c              binaries/ip.o
memlist             0x8               binaries/initialize.o
nametab             0x19a0            binaries/naminit.o
ptfree              0x4               binaries/ptinit.o

Memory Configuration

Name             Origin             Length             Attributes
*default*        0x00000000         0xffffffff

Linker script and memory map

                0x81000000                physbase = 0x81000000
                0x81000000                . = physbase
                0x81000000                . = ALIGN (0x1000)

.text           0x81000000    0x18000
                0x81000000                text = ABSOLUTE (.)
 *(.text .text.*)
 .text          0x81000000       0x4c binaries/start.o
                0x81000000                start
 .text          0x8100004c      0x33c binaries/ascdate.o
                0x8100004c                ascdate
 .text          0x81000388       0x18 binaries/bufinit.o
                0x81000388                bufinit
 .text          0x810003a0       0x68 binaries/chprio.o
                0x810003a0                chprio
 .text          0x81000408      0x104 binaries/clkhandler.o
                0x81000408                clkhandler
 .text          0x8100050c       0xe0 binaries/clkinit.o
                0x8100050c                clkinit
 .text          0x810005ec       0x50 binaries/close.o
                0x810005ec                close
 .text          0x8100063c        0x0 binaries/conf.o
 .text          0x8100063c       0x68 binaries/control.o
                0x8100063c                control
 .text          0x810006a4      0x290 binaries/create.o
                0x810006a4                create
 .text          0x81000934       0xb0 binaries/evec.o
                0x81000934                initintc
                0x81000960                set_evec
                0x810009a0                irq_dispatch
 .text          0x810009e4       0x10 binaries/exit.o
                0x810009e4                exit
 .text          0x810009f4       0x7c binaries/freebuf.o
                0x810009f4                freebuf
 .text          0x81000a70      0x148 binaries/freemem.o
                0x81000a70                freemem
 .text          0x81000bb8       0x78 binaries/getbuf.o
                0x81000bb8                getbuf
 .text          0x81000c30       0x50 binaries/getc.o
                0x81000c30                getc
 .text          0x81000c80       0x68 binaries/getdev.o
                0x81000c80                getdev
 .text          0x81000ce8       0xa0 binaries/getitem.o
                0x81000ce8                getitem
                0x81000d18                getfirst
                0x81000d4c                getlast
 .text          0x81000d88      0x108 binaries/getmem.o
                0x81000d88                getmem
 .text          0x81000e90       0x10 binaries/getpid.o
                0x81000e90                getpid
 .text          0x81000ea0       0x5c binaries/getprio.o
                0x81000ea0                getprio
 .text          0x81000efc       0xc8 binaries/getstk.o
                0x81000efc                getstk
 .text          0x81000fc4        0x8 binaries/getticks.o
                0x81000fc4                getticks
 .text          0x81000fcc       0x38 binaries/gettime.o
                0x81000fcc                gettime
 .text          0x81001004      0x1f4 binaries/getutime.o
                0x81001004                getutime
 .text          0x810011f8       0x50 binaries/init.o
                0x810011f8                init
 .text          0x81001248      0x344 binaries/initialize.o
                0x810012ec                nulluser
                0x8100152c                stop
                0x81001550                delay
 .text          0x8100158c       0xd0 binaries/insert.o
                0x8100158c                insert
 .text          0x8100165c      0x134 binaries/insertd.o
                0x8100165c                insertd
 .text          0x81001790        0x8 binaries/ioerr.o
                0x81001790                ioerr
 .text          0x81001798        0x8 binaries/ionull.o
                0x81001798                ionull
 .text          0x810017a0      0x158 binaries/kill.o
                0x810017a0                kill
 .text          0x810018f8       0xd0 binaries/kprintf.o
                0x810018f8                kputc
                0x81001948                kgetc
                0x81001988                kprintf
 .text          0x810019c8      0x154 binaries/main.o
                0x810019c8                foo
                0x810019fc                bar
                0x81001a30                main
 .text          0x81001b1c       0xd0 binaries/mark.o
                0x81001b1c                markinit
                0x81001b48                mark
 .text          0x81001bec       0x48 binaries/meminit.o
                0x81001bec                meminit
 .text          0x81001c34      0x140 binaries/mkbufpool.o
                0x81001c34                mkbufpool
 .text          0x81001d74       0x7c binaries/newqueue.o
                0x81001d74                newqueue
 .text          0x81001df0       0x60 binaries/open.o
                0x81001df0                open
 .text          0x81001e50       0x20 binaries/panic.o
                0x81001e50                panic
 .text          0x81001e70       0xac binaries/platinit.o
                0x81001e70                counterinit
                0x81001e88                platinit
 .text          0x81001f1c       0xa8 binaries/ptclear.o
                0x81001f1c                _ptclear
 .text          0x81001fc4       0x78 binaries/ptcount.o
                0x81001fc4                ptcount
 .text          0x8100203c       0xdc binaries/ptcreate.o
                0x8100203c                ptcreate
 .text          0x81002118       0x74 binaries/ptdelete.o
                0x81002118                ptdelete
 .text          0x8100218c       0xbc binaries/ptinit.o
                0x8100218c                ptinit
 .text          0x81002248       0xd0 binaries/ptrecv.o
                0x81002248                ptrecv
 .text          0x81002318       0x68 binaries/ptreset.o
                0x81002318                ptreset
 .text          0x81002380       0xf4 binaries/ptsend.o
                0x81002380                ptsend
 .text          0x81002474       0x58 binaries/putc.o
                0x81002474                putc
 .text          0x810024cc       0xf4 binaries/queue.o
                0x810024cc                enqueue
                0x81002564                dequeue
 .text          0x810025c0       0x60 binaries/read.o
                0x810025c0                read
 .text          0x81002620       0x74 binaries/ready.o
                0x81002620                ready
 .text          0x81002694       0x60 binaries/receive.o
                0x81002694                receive
 .text          0x810026f4       0x48 binaries/recvclr.o
                0x810026f4                recvclr
 .text          0x8100273c       0xb0 binaries/recvtime.o
                0x8100273c                recvtime
 .text          0x810027ec      0x1ac binaries/resched.o
                0x810027ec                resched
                0x810028dc                resched_cntl
 .text          0x81002998       0x90 binaries/resume.o
                0x81002998                resume
 .text          0x81002a28       0x58 binaries/seek.o
                0x81002a28                seek
 .text          0x81002a80       0x58 binaries/semcount.o
                0x81002a80                semcount
 .text          0x81002ad8       0xb8 binaries/semcreate.o
                0x81002ad8                semcreate
 .text          0x81002b90       0xac binaries/semdelete.o
                0x81002b90                semdelete
 .text          0x81002c3c       0xa4 binaries/semreset.o
                0x81002c3c                semreset
 .text          0x81002ce0       0xc0 binaries/send.o
                0x81002ce0                send
 .text          0x81002da0       0x80 binaries/signal.o
                0x81002da0                signal
 .text          0x81002e20       0xb0 binaries/signaln.o
                0x81002e20                signaln
 .text          0x81002ed0       0xcc binaries/sleep.o
                0x81002ed0                sleepms
                0x81002f6c                sleep
 .text          0x81002f9c       0xbc binaries/suspend.o
                0x81002f9c                suspend
 .text          0x81003058       0xb8 binaries/unsleep.o
                0x81003058                unsleep
 .text          0x81003110       0x10 binaries/userret.o
                0x81003110                userret
 .text          0x81003120       0xac binaries/wait.o
                0x81003120                wait
 .text          0x810031cc       0xa0 binaries/wakeup.o
                0x810031cc                wakeup
 .text          0x8100326c       0x60 binaries/write.o
                0x8100326c                write
 .text          0x810032cc       0x18 binaries/xdone.o
                0x810032cc                xdone
 .text          0x810032e4       0x20 binaries/yield.o
                0x810032e4                yield
 .text          0x81003304        0xc binaries/abs.o
                0x81003304                abs
 .text          0x81003310      0x114 binaries/atoi.o
                0x81003310                atoi
 .text          0x81003424      0x114 binaries/atol.o
                0x81003424                atol
 .text          0x81003538       0x20 binaries/bzero.o
                0x81003538                bzero
 .text          0x81003558        0x0 binaries/ctype_.o
 .text          0x81003558      0xa34 binaries/doprnt.o
                0x81003778                _doprnt
 .text          0x81003f8c      0x704 binaries/doscan.o
                0x81003f8c                _doscan
 .text          0x81004690      0x898 binaries/fdoprnt.o
                0x8100473c                _fdoprnt
 .text          0x81004f28       0x14 binaries/fgetc.o
                0x81004f28                fgetc
 .text          0x81004f3c       0x84 binaries/fgets.o
                0x81004f3c                fgets
 .text          0x81004fc0       0x3c binaries/fprintf.o
                0x81004fc0                fprintf
 .text          0x81004ffc       0x24 binaries/fputc.o
                0x81004ffc                fputc
 .text          0x81005020       0x38 binaries/fputs.o
                0x81005020                fputs
 .text          0x81005058       0x78 binaries/fscanf.o
                0x8100508c                fscanf
 .text          0x810050d0       0x2c binaries/getchar.o
                0x810050d0                getchar
 .text          0x810050fc        0xc binaries/labs.o
                0x810050fc                labs
 .text          0x81005108        0x0 binaries/memchr.o
 .text          0x81005108       0x60 binaries/memcmp.o
                0x81005108                memcmp
 .text          0x81005168       0x24 binaries/memcpy.o
                0x81005168                memcpy
 .text          0x8100518c       0x20 binaries/memset.o
                0x8100518c                memset
 .text          0x810051ac       0x58 binaries/printf.o
                0x810051ac                printf
 .text          0x81005204       0x2c binaries/putchar.o
                0x81005204                putchar
 .text          0x81005230      0x254 binaries/qsort.o
                0x81005464                qsort
 .text          0x81005484       0x7c binaries/rand.o
                0x81005484                rand
                0x810054bc                rand_r
                0x810054f0                srand
 .text          0x81005500       0x68 binaries/sprintf.o
                0x81005518                sprintf
 .text          0x81005568       0x78 binaries/sscanf.o
                0x8100559c                sscanf
 .text          0x810055e0       0x48 binaries/strchr.o
                0x810055e0                strchr
 .text          0x81005628       0x54 binaries/strcmp.o
                0x81005628                strcmp
 .text          0x8100567c       0x18 binaries/strcpy.o
                0x8100567c                strcpy
 .text          0x81005694       0x30 binaries/strlen.o
                0x81005694                strlen
 .text          0x810056c4       0x50 binaries/strncat.o
                0x810056c4                strncat
 .text          0x81005714       0x54 binaries/strncmp.o
                0x81005714                strncmp
 .text          0x81005768       0x80 binaries/strncpy.o
                0x81005768                strncpy
 .text          0x810057e8       0x48 binaries/strnlen.o
                0x810057e8                strnlen
 .text          0x81005830       0x58 binaries/strrchr.o
                0x81005830                strrchr
 .text          0x81005888       0xb0 binaries/strstr.o
                0x81005888                strstr
 .text          0x81005938       0xc8 binaries/ttycontrol.o
                0x81005938                ttycontrol
 .text          0x81005a00       0x6c binaries/ttygetc.o
                0x81005a00                ttygetc
 .text          0x81005a6c      0x4d8 binaries/ttyhandle_in.o
                0x81005b38                ttyhandle_in
 .text          0x81005f44      0x14c binaries/ttyhandle_out.o
                0x81005f44                ttyhandle_out
 .text          0x81006090       0xc8 binaries/ttyhandler.o
                0x81006090                ttyhandler
 .text          0x81006158      0x120 binaries/ttyinit.o
                0x81006158                ttyinit
 .text          0x81006278        0xc binaries/ttykickout.o
                0x81006278                ttykickout
 .text          0x81006284       0x78 binaries/ttyputc.o
                0x81006284                ttyputc
 .text          0x810062fc      0x110 binaries/ttyread.o
                0x810062fc                ttyread
 .text          0x8100640c       0x4c binaries/ttywrite.o
                0x8100640c                ttywrite
 .text          0x81006458      0x134 binaries/mount.o
                0x81006458                namlen
                0x810064ac                mount
 .text          0x8100658c      0x1c8 binaries/naminit.o
                0x8100658c                naminit
 .text          0x81006754      0x240 binaries/nammap.o
                0x81006754                namrepl
                0x8100688c                namcpy
                0x810068e8                nammap
 .text          0x81006994       0x40 binaries/namopen.o
                0x81006994                namopen
 .text          0x810069d4       0x40 binaries/ethcontrol.o
                0x810069d4                ethcontrol
 .text          0x81006a14      0x178 binaries/ethhandler.o
                0x81006a14                ethhandler
 .text          0x81006b8c      0x734 binaries/ethinit.o
                0x81006b8c                eth_phy_read
                0x81006bfc                eth_phy_write
                0x81006c54                eth_phy_reset
                0x81006dc4                ethinit
 .text          0x810072c0       0xd8 binaries/ethread.o
                0x810072c0                ethread
 .text          0x81007398       0xf0 binaries/ethwrite.o
                0x81007398                ethwrite
 .text          0x81007488       0x90 binaries/rdsbufalloc.o
                0x81007488                rdsbufalloc
 .text          0x81007518       0xa0 binaries/rdsclose.o
                0x81007518                rdsclose
 .text          0x810075b8      0x20c binaries/rdscomm.o
                0x810075b8                rdscomm
 .text          0x810077c4      0x1a0 binaries/rdscontrol.o
                0x810077c4                rdscontrol
 .text          0x81007964      0x180 binaries/rdsinit.o
                0x81007964                rdsinit
 .text          0x81007ae4      0x134 binaries/rdsopen.o
                0x81007ae4                rdsopen
 .text          0x81007c18      0x304 binaries/rdsprocess.o
                0x81007c18                rdsprocess
 .text          0x81007f1c      0x210 binaries/rdsread.o
                0x81007f1c                rdsread
 .text          0x8100812c      0x184 binaries/rdswrite.o
                0x8100812c                rdswrite
 .text          0x810082b0        0x8 binaries/ramclose.o
                0x810082b0                ramclose
 .text          0x810082b8       0x3c binaries/raminit.o
                0x810082b8                raminit
 .text          0x810082f4        0x8 binaries/ramopen.o
                0x810082f4                ramopen
 .text          0x810082fc       0x24 binaries/ramread.o
                0x810082fc                ramread
 .text          0x81008320       0x20 binaries/ramwrite.o
                0x81008320                ramwrite
 .text          0x81008340       0x94 binaries/lfdballoc.o
                0x81008340                lfdballoc
 .text          0x810083d4       0x4c binaries/lfdbfree.o
                0x810083d4                lfdbfree
 .text          0x81008420       0xb8 binaries/lfflush.o
                0x81008420                lfflush
 .text          0x810084d8       0xc8 binaries/lfgetmode.o
                0x810084d8                lfgetmode
 .text          0x810085a0       0x6c binaries/lfiballoc.o
                0x810085a0                lfiballoc
 .text          0x8100860c       0x30 binaries/lfibclear.o
                0x8100860c                lfibclear
 .text          0x8100863c       0x64 binaries/lfibget.o
                0x8100863c                lfibget
 .text          0x810086a0       0x8c binaries/lfibput.o
                0x810086a0                lfibput
 .text          0x8100872c       0x84 binaries/lflclose.o
                0x8100872c                lflclose
 .text          0x810087b0       0xa0 binaries/lflcontrol.o
                0x810087b0                lflcontrol
 .text          0x81008850       0xa8 binaries/lflgetc.o
                0x81008850                lflgetc
 .text          0x810088f8       0xa8 binaries/lflinit.o
                0x810088f8                lflinit
 .text          0x810089a0       0xdc binaries/lflputc.o
                0x810089a0                lflputc
 .text          0x81008a7c       0x78 binaries/lflread.o
                0x81008a7c                lflread
 .text          0x81008af4       0x80 binaries/lflseek.o
                0x81008af4                lflseek
 .text          0x81008b74       0x5c binaries/lflwrite.o
                0x81008b74                lflwrite
 .text          0x81008bd0       0xa0 binaries/lfscheck.o
                0x81008bd0                lfscheck
 .text          0x81008c70      0x144 binaries/lfsckfmt.o
                0x81008c70                lfsckfmt
 .text          0x81008db4      0x15c binaries/lfscreate.o
                0x81008db4                lfscreate
 .text          0x81008f10      0x1f0 binaries/lfsetup.o
                0x81008f10                lfsetup
 .text          0x81009100       0x44 binaries/lfsinit.o
                0x81009100                lfsinit
 .text          0x81009144      0x358 binaries/lfsopen.o
                0x81009144                lfsopen
 .text          0x8100949c      0x108 binaries/lftruncate.o
                0x8100949c                lftruncate
 .text          0x810095a4       0x70 binaries/rflclose.o
                0x810095a4                rflclose
 .text          0x81009614       0x28 binaries/rflgetc.o
                0x81009614                rflgetc
 .text          0x8100963c       0x54 binaries/rflinit.o
                0x8100963c                rflinit
 .text          0x81009690       0x30 binaries/rflputc.o
                0x81009690                rflputc
 .text          0x810096c0      0x28c binaries/rflread.o
                0x810096c0                rflread
 .text          0x8100994c       0x74 binaries/rflseek.o
                0x8100994c                rflseek
 .text          0x810099c0      0x2c8 binaries/rflwrite.o
                0x810099c0                rflwrite
 .text          0x81009c88      0x198 binaries/rfscomm.o
                0x81009c88                rfscomm
 .text          0x81009e20      0x224 binaries/rfscontrol.o
                0x81009e20                rfscontrol
 .text          0x8100a044       0xc8 binaries/rfsgetmode.o
                0x8100a044                rfsgetmode
 .text          0x8100a10c       0x84 binaries/rfsinit.o
                0x8100a10c                rfsinit
 .text          0x8100a190       0xa4 binaries/rfsndmsg.o
                0x8100a190                rfsndmsg
 .text          0x8100a234      0x22c binaries/rfsopen.o
                0x8100a234                rfsopen
 .text          0x8100a460       0x8c binaries/spicontrol.o
                0x8100a460                spicontrol
 .text          0x8100a4ec       0xa8 binaries/spiinit.o
                0x8100a4ec                spiinit
 .text          0x8100a594      0x714 binaries/arp.o
                0x8100a594                arp_init
                0x8100a5b4                arp_alloc
                0x8100a688                arp_ntoh
                0x8100a72c                arp_hton
                0x8100a7d0                arp_resolve
                0x8100aa34                arp_in
 .text          0x8100aca8      0x6b0 binaries/dhcp.o
                0x8100aca8                dhcp_get_opt_val
                0x8100ad08                dhcp_bld_bootp_msg
                0x8100ae00                dhcp_bld_disc
                0x8100ae54                dhcp_bld_req
                0x8100af18                getlocalip
 .text          0x8100b358      0x56c binaries/dns.o
                0x8100b440                dnslookup
 .text          0x8100b8c4      0x120 binaries/dot2ip.o
                0x8100b8c4                dot2ip
 .text          0x8100b9e4      0x33c binaries/hexdump.o
                0x8100b9e4                hexdump
                0x8100bb44                hexadump
 .text          0x8100bd20      0x660 binaries/icmp.o
                0x8100bd20                icmp_init
                0x8100bd44                icmp_register
                0x8100be00                icmp_recv
                0x8100bf50                icmp_mkpkt
                0x8100c040                icmp_in
                0x8100c18c                icmp_send
                0x8100c1fc                icmp_release
                0x8100c2b8                icmp_cksum
                0x8100c318                icmp_hton
                0x8100c34c                icmp_ntoh
 .text          0x8100c380      0x674 binaries/ip.o
                0x8100c380                ip_local
                0x8100c3b0                ipcksum
                0x8100c3f4                ip_ntoh
                0x8100c498                ip_in
                0x8100c5d4                ip_hton
                0x8100c678                ip_out
                0x8100c72c                ip_send
                0x8100c85c                ipout
                0x8100c958                ip_enqueue
 .text          0x8100c9f4      0x654 binaries/MQTTSN.o
                0x8100c9f4                eqls
                0x8100ca20                process_mqttsn
                0x8100cb54                waitfor
                0x8100cba4                mqttsn_init
                0x8100cd58                local_broker
                0x8100cd9c                mqttsn_subscribe
                0x8100cf9c                mqttsn_publish
 .text          0x8100d048      0x6a4 binaries/MQTTSNConnectClient.o
                0x8100d048                MQTTSNSerialize_connectLength
                0x8100d060                MQTTSNSerialize_connect
                0x8100d118                MQTTSNDeserialize_connack
                0x8100d180                MQTTSNSerialize_disconnectLength
                0x8100d190                MQTTSNSerialize_disconnect
                0x8100d214                MQTTSNSerialize_pingreq
                0x8100d2a4                MQTTSNDeserialize_pingresp
                0x8100d2f8                MQTTSNSerialize_willtopic1
                0x8100d39c                MQTTSNSerialize_willtopicupd
                0x8100d3dc                MQTTSNSerialize_willtopic
                0x8100d41c                MQTTSNSerialize_willmsg1
                0x8100d4ac                MQTTSNSerialize_willmsg
                0x8100d4e8                MQTTSNSerialize_willmsgupd
                0x8100d524                MQTTSNDeserialize_willtopicreq
                0x8100d5a0                MQTTSNDeserialize_willmsgreq
                0x8100d61c                MQTTSNDeserialize_willtopicresp
                0x8100d684                MQTTSNDeserialize_willmsgresp
 .text          0x8100d6ec      0x57c binaries/MQTTSNConnectServer.o
                0x8100d6ec                MQTTSNDeserialize_connect
                0x8100d7ac                MQTTSNSerialize_connack
                0x8100d80c                MQTTSNDeserialize_disconnect
                0x8100d898                MQTTSNSerialize_willtopicreq
                0x8100d8e4                MQTTSNSerialize_willmsgreq
                0x8100d930                MQTTSNDeserialize_pingreq
                0x8100d9b4                MQTTSNSerialize_pingresp
                0x8100da00                MQTTSNDeserialize_willtopic1
                0x8100dab4                MQTTSNDeserialize_willtopic
                0x8100dad8                MQTTSNDeserialize_willtopicupd
                0x8100dafc                MQTTSNDeserialize_willmsg1
                0x8100db88                MQTTSNDeserialize_willmsg
                0x8100db98                MQTTSNDeserialize_willmsgupd
                0x8100dba8                MQTTSNSerialize_willtopicresp
                0x8100dc08                MQTTSNSerialize_willmsgresp
 .text          0x8100dc68      0x3e8 binaries/MQTTSNDeserializePublish.o
                0x8100dc68                MQTTSNDeserialize_publish
                0x8100ddd4                MQTTSNDeserialize_puback
                0x8100de74                MQTTSNDeserialize_ack
                0x8100df04                MQTTSNDeserialize_register
                0x8100dfb0                MQTTSNDeserialize_regack
 .text          0x8100e050      0x2d0 binaries/MQTTSNPacket.o
                0x8100e050                MQTTSNPacket_name
                0x8100e06c                MQTTSNPacket_len
                0x8100e07c                readInt
                0x8100e098                MQTTSNPacket_decode
                0x8100e0f8                readChar
                0x8100e10c                writeChar
                0x8100e124                writeInt
                0x8100e170                MQTTSNPacket_encode
                0x8100e1b4                writeCString
                0x8100e1ec                getLenStringLen
                0x8100e1fc                writeMQTTSNString
                0x8100e258                readMQTTSNString
                0x8100e294                MQTTSNstrlen
                0x8100e2c4                MQTTSNPacket_read
 .text          0x8100e320      0x1a8 binaries/MQTTSNSearchClient.o
                0x8100e320                MQTTSNDeserialize_advertise
                0x8100e3b0                MQTTSNSerialize_searchgw
                0x8100e424                MQTTSNDeserialize_gwinfo
 .text          0x8100e4c8      0x1a8 binaries/MQTTSNSearchServer.o
                0x8100e4c8                MQTTSNSerialize_advertise
                0x8100e54c                MQTTSNDeserialize_searchgw
                0x8100e5cc                MQTTSNSerialize_gwinfo
 .text          0x8100e670      0x428 binaries/MQTTSNSerializePublish.o
                0x8100e670                MQTTSNSerialize_publishLength
                0x8100e6ac                MQTTSNSerialize_publish
                0x8100e810                MQTTSNSerialize_puback
                0x8100e8a0                MQTTSNSerialize_ack
                0x8100e904                MQTTSNSerialize_pubrec
                0x8100e918                MQTTSNSerialize_pubrel
                0x8100e92c                MQTTSNSerialize_pubcomp
                0x8100e940                MQTTSNSerialize_registerLength
                0x8100e948                MQTTSNSerialize_register
                0x8100ea08                MQTTSNSerialize_regack
 .text          0x8100ea98      0x1f0 binaries/MQTTSNSubscribeClient.o
                0x8100ea98                MQTTSNSerialize_subscribeLength
                0x8100eac8                MQTTSNSerialize_subscribe
                0x8100ebd4                MQTTSNDeserialize_suback
 .text          0x8100ec88      0x1bc binaries/MQTTSNSubscribeServer.o
                0x8100ec88                MQTTSNDeserialize_subscribe
                0x8100eda4                MQTTSNSerialize_suback
 .text          0x8100ee44      0x1b0 binaries/MQTTSNUnsubscribeClient.o
                0x8100ee44                MQTTSNSerialize_unsubscribeLength
                0x8100ee74                MQTTSNSerialize_unsubscribe
                0x8100ef74                MQTTSNDeserialize_unsuback
 .text          0x8100eff4      0x178 binaries/MQTTSNUnsubscribeServer.o
                0x8100eff4                MQTTSNDeserialize_unsubscribe
                0x8100f0f8                MQTTSNSerialize_unsuback
 .text          0x8100f16c      0x228 binaries/net.o
                0x8100f16c                net_init
                0x8100f274                eth_hton
                0x8100f288                eth_ntoh
                0x8100f29c                netin
                0x8100f344                getport
 .text          0x8100f394      0x9dc binaries/pdump.o
                0x8100f394                pdump
                0x8100f920                pdumph
 .text          0x8100fd70      0x56c binaries/tftp.o
                0x8100fd70                tftp_send1
                0x8100fe5c                tftpget_mb
                0x810102a8                tftpget
 .text          0x810102dc      0x890 binaries/udp.o
                0x810102dc                udp_init
                0x81010304                udp_in
                0x810103f0                udp_register
                0x810104ec                udp_recv
                0x81010620                udp_recvaddr
                0x81010770                udp_send
                0x810108e8                udp_sendto
                0x81010a48                udp_release
                0x81010b04                udp_ntoh
                0x81010b38                udp_hton
 .text          0x81010b6c      0x120 binaries/addargs.o
                0x81010b6c                addargs
 .text          0x81010c8c      0x2b4 binaries/lexan.o
                0x81010c8c                lexan
 .text          0x81010f40      0x6ac binaries/shell.o
                0x81010f40                shell
 .text          0x810115ec       0x64 binaries/xsh_argecho.o
                0x810115ec                xsh_argecho
 .text          0x81011650      0x1f8 binaries/xsh_arp.o
                0x81011650                xsh_arp
 .text          0x81011848      0x23c binaries/xsh_cat.o
                0x81011848                xsh_cat
 .text          0x81011a84       0x5c binaries/xsh_clear.o
                0x81011a84                xsh_clear
 .text          0x81011ae0      0x29c binaries/xsh_date.o
                0x81011ae0                xsh_date
 .text          0x81011d7c       0x98 binaries/xsh_devdump.o
                0x81011d7c                xsh_devdump
 .text          0x81011e14       0x68 binaries/xsh_echo.o
                0x81011e14                xsh_echo
 .text          0x81011e7c        0x8 binaries/xsh_exit.o
                0x81011e7c                xsh_exit
 .text          0x81011e84      0x3d0 binaries/xsh_help.o
                0x81011e84                xsh_help
 .text          0x81012254      0x1f8 binaries/xsh_kill.o
                0x81012254                xsh_kill
 .text          0x8101244c      0x490 binaries/xsh_memdump.o
                0x81012548                xsh_memdump
 .text          0x810128dc      0x224 binaries/xsh_memstat.o
                0x810128dc                xsh_memstat
 .text          0x81012b00      0x3fc binaries/xsh_netinfo.o
                0x81012b00                xsh_netinfo
 .text          0x81012efc      0x3b0 binaries/xsh_ping.o
                0x81012efc                xsh_ping
 .text          0x810132ac      0x220 binaries/xsh_ps.o
                0x810132ac                xsh_ps
 .text          0x810134cc      0x1cc binaries/xsh_sleep.o
                0x810134cc                xsh_sleep
 .text          0x81013698      0x244 binaries/xsh_udpdump.o
                0x81013698                xsh_udpdump
 .text          0x810138dc      0x400 binaries/xsh_udpecho.o
                0x810138dc                xsh_udpecho
 .text          0x81013cdc      0x254 binaries/xsh_udpserver.o
                0x81013cdc                xsh_udpeserver
 .text          0x81013f30      0x1ac binaries/xsh_uptime.o
                0x81013f30                xsh_uptime
 .text          0x810140dc       0x2c binaries/ctxsw.o
                0x810140dc                ctxsw
 .text          0x81014108      0x100 binaries/intr.o
                0x81014108                disable
                0x81014114                restore
                0x81014138                enable
                0x81014140                pause
                0x81014140                halt
                0x81014148                irq_except
                0x81014178                initevec
                0x810141d8                expjmpinstr
 .text          0x81014208      0x114 ../cross_compiler/lib/gcc/arm-none-eabi/4.8.1//libgcc.a(_udivsi3.o)
                0x81014208                __udivsi3
                0x81014208                __aeabi_uidiv
                0x810142fc                __aeabi_uidivmod
 .text          0x8101431c      0x148 ../cross_compiler/lib/gcc/arm-none-eabi/4.8.1//libgcc.a(_divsi3.o)
                0x8101431c                __aeabi_idiv
                0x8101431c                __divsi3
                0x81014444                __aeabi_idivmod
 .text          0x81014464        0x4 ../cross_compiler/lib/gcc/arm-none-eabi/4.8.1//libgcc.a(_dvmd_tls.o)
                0x81014464                __aeabi_ldiv0
                0x81014464                __aeabi_idiv0
 .text          0x81014468      0x49c ../cross_compiler/lib/gcc/arm-none-eabi/4.8.1//libgcc.a(_arm_muldivdf3.o)
                0x81014468                __aeabi_dmul
                0x81014468                __muldf3
                0x810146f8                __aeabi_ddiv
                0x810146f8                __divdf3
 .text          0x81014904      0x144 ../cross_compiler/lib/gcc/arm-none-eabi/4.8.1//libgcc.a(_arm_cmpdf2.o)
                0x81014904                __gtdf2
                0x81014904                __gedf2
                0x8101490c                __ltdf2
                0x8101490c                __ledf2
                0x81014914                __cmpdf2
                0x81014914                __eqdf2
                0x81014914                __nedf2
                0x8101499c                __aeabi_cdrcmple
                0x810149b8                __aeabi_cdcmple
                0x810149b8                __aeabi_cdcmpeq
                0x810149d0                __aeabi_dcmpeq
                0x810149e8                __aeabi_dcmplt
                0x81014a00                __aeabi_dcmple
                0x81014a18                __aeabi_dcmpge
                0x81014a30                __aeabi_dcmpgt
 .text          0x81014a48       0x5c ../cross_compiler/lib/gcc/arm-none-eabi/4.8.1//libgcc.a(_arm_fixdfsi.o)
                0x81014a48                __fixdfsi
                0x81014a48                __aeabi_d2iz
 *(.rodata .rodata.*)
 .rodata.str1.4
                0x81014aa4       0x78 binaries/ascdate.o
 .rodata.str1.4
                0x81014b1c       0xd9 binaries/conf.o
                                 0xdc (size before relaxing)
 *fill*         0x81014bf5        0x3 
 .rodata.str1.4
                0x81014bf8       0x61 binaries/getutime.o
                                 0x64 (size before relaxing)
 *fill*         0x81014c59        0x3 
 .rodata.str1.4
                0x81014c5c      0x188 binaries/initialize.o
                                0x18c (size before relaxing)
 .rodata.str1.4
                0x81014de4       0x32 binaries/main.o
                                 0x34 (size before relaxing)
 *fill*         0x81014e16        0x2 
 .rodata.str1.4
                0x81014e18        0xf binaries/panic.o
                                 0x10 (size before relaxing)
 *fill*         0x81014e27        0x1 
 .rodata.str1.4
                0x81014e28       0x1d binaries/ptinit.o
                                 0x20 (size before relaxing)
 *fill*         0x81014e45        0x3 
 .rodata.str1.4
                0x81014e48       0x25 binaries/ptsend.o
                                 0x28 (size before relaxing)
 *fill*         0x81014e6d        0x3 
 .rodata.str1.4
                0x81014e70       0x27 binaries/xdone.o
                                 0x28 (size before relaxing)
 *fill*         0x81014e97        0x1 
 .rodata        0x81014e98       0x84 binaries/ctype_.o
                0x81014e98                _ctype_
 .rodata.str1.4
                0x81014f1c       0x2f binaries/doprnt.o
                                 0x30 (size before relaxing)
 .rodata.str1.4
                0x00000000       0x30 binaries/fdoprnt.o
 *fill*         0x81014f4b        0x1 
 .rodata.str1.4
                0x81014f4c       0x86 binaries/naminit.o
                                 0x90 (size before relaxing)
 *fill*         0x81014fd2        0x2 
 .rodata.str1.4
                0x81014fd4       0xe5 binaries/ethinit.o
                                 0xe8 (size before relaxing)
 *fill*         0x810150b9        0x3 
 .rodata.str1.4
                0x810150bc       0x12 binaries/ethread.o
                                 0x14 (size before relaxing)
 *fill*         0x810150ce        0x2 
 .rodata.str1.4
                0x810150d0       0x2c binaries/rdsbufalloc.o
 .rodata.str1.4
                0x810150fc       0x76 binaries/rdscomm.o
                                 0x78 (size before relaxing)
 *fill*         0x81015172        0x2 
 .rodata.str1.4
                0x81015174       0x48 binaries/rdscontrol.o
 .rodata.str1.4
                0x810151bc       0x96 binaries/rdsinit.o
                                 0x98 (size before relaxing)
 *fill*         0x81015252        0x2 
 .rodata.str1.4
                0x81015254       0x22 binaries/rdsopen.o
                                 0x24 (size before relaxing)
 *fill*         0x81015276        0x2 
 .rodata.str1.4
                0x81015278       0x4d binaries/rdsprocess.o
                                 0x50 (size before relaxing)
 *fill*         0x810152c5        0x3 
 .rodata.str1.4
                0x810152c8        0x9 binaries/raminit.o
                                  0xc (size before relaxing)
 *fill*         0x810152d1        0x3 
 .rodata.str1.4
                0x810152d4       0x37 binaries/lfdballoc.o
                                 0x38 (size before relaxing)
 *fill*         0x8101530b        0x1 
 .rodata.str1.4
                0x8101530c       0x14 binaries/lfiballoc.o
 .rodata.str1.4
                0x81015320       0x23 binaries/lflcontrol.o
                                 0x24 (size before relaxing)
 *fill*         0x81015343        0x1 
 .rodata.str1.4
                0x81015344      0x11f binaries/lfsckfmt.o
                                0x120 (size before relaxing)
 *fill*         0x81015463        0x1 
 .rodata.str1.4
                0x81015464       0x2a binaries/lfsopen.o
                                 0x2c (size before relaxing)
 *fill*         0x8101548e        0x2 
 .rodata.str1.4
                0x81015490       0x21 binaries/rflread.o
                                 0x24 (size before relaxing)
 .rodata.str1.4
                0x00000000       0x24 binaries/rflwrite.o
 *fill*         0x810154b1        0x3 
 .rodata.str1.4
                0x810154b4       0x75 binaries/rfscomm.o
                                 0x78 (size before relaxing)
 *fill*         0x81015529        0x3 
 .rodata.str1.4
                0x8101552c       0x23 binaries/rfscontrol.o
                                 0x24 (size before relaxing)
 *fill*         0x8101554f        0x1 
 .rodata.str1.4
                0x81015550       0x63 binaries/rfsinit.o
                                 0x64 (size before relaxing)
 *fill*         0x810155b3        0x1 
 .rodata.str1.4
                0x810155b4       0x2a binaries/rfsndmsg.o
                                 0x2c (size before relaxing)
 .rodata.str1.4
                0x00000000       0x24 binaries/rfsopen.o
 *fill*         0x810155de        0x2 
 .rodata.str1.4
                0x810155e0       0x3d binaries/arp.o
                                 0x40 (size before relaxing)
 *fill*         0x8101561d        0x3 
 .rodata.str1.4
                0x81015620       0xd3 binaries/dhcp.o
                                 0xd4 (size before relaxing)
 *fill*         0x810156f3        0x1 
 .rodata.str1.4
                0x810156f4       0x1a binaries/dns.o
                                 0x1c (size before relaxing)
 *fill*         0x8101570e        0x2 
 .rodata.str1.4
                0x81015710       0xca binaries/hexdump.o
                                 0xd8 (size before relaxing)
 *fill*         0x810157da        0x2 
 .rodata.str1.4
                0x810157dc       0x29 binaries/icmp.o
                                 0x2c (size before relaxing)
 *fill*         0x81015805        0x3 
 .rodata.str1.4
                0x81015808       0x6e binaries/ip.o
                                 0x70 (size before relaxing)
 *fill*         0x81015876        0x2 
 .rodata        0x81015878       0x18 binaries/MQTTSN.o
 .rodata.str1.4
                0x81015890      0x18b binaries/MQTTSN.o
                                0x18c (size before relaxing)
 *fill*         0x81015a1b        0x1 
 .rodata        0x81015a1c       0x78 binaries/MQTTSNPacket.o
 .rodata.str1.4
                0x81015a94      0x134 binaries/MQTTSNPacket.o
 .rodata.str1.4
                0x81015bc8       0x53 binaries/net.o
                                 0x54 (size before relaxing)
 *fill*         0x81015c1b        0x1 
 .rodata.str1.4
                0x81015c1c      0x292 binaries/pdump.o
                                0x298 (size before relaxing)
 *fill*         0x81015eae        0x2 
 .rodata.str1.4
                0x81015eb0      0x150 binaries/tftp.o
                                0x158 (size before relaxing)
 .rodata        0x81016000       0xfc binaries/shell.o
                0x81016000                cmdtab
 .rodata.str1.4
                0x810160fc      0x2e6 binaries/shell.o
                                0x2f0 (size before relaxing)
 *fill*         0x810163e2        0x2 
 .rodata.str1.4
                0x810163e4       0x29 binaries/xsh_argecho.o
                                 0x30 (size before relaxing)
 *fill*         0x8101640d        0x3 
 .rodata.str1.4
                0x81016410      0x13e binaries/xsh_arp.o
                                0x144 (size before relaxing)
 *fill*         0x8101654e        0x2 
 .rodata.str1.4
                0x81016550       0x81 binaries/xsh_cat.o
                                 0xd4 (size before relaxing)
 *fill*         0x810165d1        0x3 
 .rodata.str1.4
                0x810165d4       0x19 binaries/xsh_clear.o
                                 0x1c (size before relaxing)
 *fill*         0x810165ed        0x3 
 .rodata.str1.4
                0x810165f0      0x1af binaries/xsh_date.o
                                0x1cc (size before relaxing)
 *fill*         0x8101679f        0x1 
 .rodata.str1.4
                0x810167a0       0x61 binaries/xsh_devdump.o
                                 0x64 (size before relaxing)
 *fill*         0x81016801        0x3 
 .rodata.str1.4
                0x81016804        0x8 binaries/xsh_echo.o
                                  0xc (size before relaxing)
 .rodata.str1.4
                0x8101680c       0xe7 binaries/xsh_help.o
                                0x17c (size before relaxing)
 *fill*         0x810168f3        0x1 
 .rodata.str1.4
                0x810168f4       0xc8 binaries/xsh_kill.o
                                0x138 (size before relaxing)
 .rodata.str1.4
                0x810169bc      0x226 binaries/xsh_memdump.o
                                0x27c (size before relaxing)
 *fill*         0x81016be2        0x2 
 .rodata.str1.4
                0x81016be4      0x1cc binaries/xsh_memstat.o
                                0x234 (size before relaxing)
 .rodata.str1.4
                0x81016db0      0x10f binaries/xsh_netinfo.o
                                0x1cc (size before relaxing)
 *fill*         0x81016ebf        0x1 
 .rodata.str1.4
                0x81016ec0      0x13f binaries/xsh_ping.o
                                0x1b4 (size before relaxing)
 *fill*         0x81016fff        0x1 
 .rodata        0x81017000       0x20 binaries/xsh_ps.o
 .rodata.str1.4
                0x81017020      0x11a binaries/xsh_ps.o
                                0x1d4 (size before relaxing)
 *fill*         0x8101713a        0x2 
 .rodata.str1.4
                0x8101713c       0x5e binaries/xsh_sleep.o
                                 0xf8 (size before relaxing)
 *fill*         0x8101719a        0x2 
 .rodata        0x8101719c        0xc binaries/xsh_udpdump.o
 .rodata.str1.4
                0x810171a8      0x122 binaries/xsh_udpdump.o
                                0x1e0 (size before relaxing)
 *fill*         0x810172ca        0x2 
 .rodata.str1.4
                0x810172cc      0x1ae binaries/xsh_udpecho.o
                                0x224 (size before relaxing)
 *fill*         0x8101747a        0x2 
 .rodata.str1.4
                0x8101747c       0x97 binaries/xsh_udpserver.o
                                0x13c (size before relaxing)
 *fill*         0x81017513        0x1 
 .rodata.str1.4
                0x81017514       0x78 binaries/xsh_uptime.o
                                0x114 (size before relaxing)
                0x8101758c                etext = ABSOLUTE (.)
                0x81018000                . = ALIGN (0x1000)
 *fill*         0x8101758c      0xa74 

.glue_7         0x81018000        0x0
 .glue_7        0x00000000        0x0 linker stubs

.glue_7t        0x81018000        0x0
 .glue_7t       0x00000000        0x0 linker stubs

.vfp11_veneer   0x81018000        0x0
 .vfp11_veneer  0x00000000        0x0 linker stubs

.v4_bx          0x81018000        0x0
 .v4_bx         0x00000000        0x0 linker stubs

.iplt           0x81018000        0x0
 .iplt          0x00000000        0x0 binaries/start.o

.rel.dyn        0x81018000        0x0
 .rel.iplt      0x00000000        0x0 binaries/start.o

.data           0x81018000     0x1000
                0x81018000                data = ABSOLUTE (.)
 *(.data .data.*)
 .data          0x81018000        0x0 binaries/start.o
 .data          0x81018000       0x88 binaries/ascdate.o
                0x81018000                Date
 .data          0x81018088        0x0 binaries/bufinit.o
 .data          0x81018088        0x0 binaries/chprio.o
 .data          0x81018088        0x4 binaries/clkhandler.o
 .data          0x8101808c        0x0 binaries/clkinit.o
 .data          0x8101808c        0x0 binaries/close.o
 .data          0x8101808c      0x618 binaries/conf.o
                0x8101808c                devtab
 .data          0x810186a4        0x0 binaries/control.o
 .data          0x810186a4        0x4 binaries/create.o
 .data          0x810186a8       0x40 binaries/evec.o
                0x810186a8                expmsg2
                0x810186bc                expmsg1
 .data          0x810186e8        0x0 binaries/exit.o
 .data          0x810186e8        0x0 binaries/freebuf.o
 .data          0x810186e8        0x0 binaries/freemem.o
 .data          0x810186e8        0x0 binaries/getbuf.o
 .data          0x810186e8        0x0 binaries/getc.o
 .data          0x810186e8        0x0 binaries/getdev.o
 .data          0x810186e8        0x0 binaries/getitem.o
 .data          0x810186e8        0x0 binaries/getmem.o
 .data          0x810186e8        0x0 binaries/getpid.o
 .data          0x810186e8        0x0 binaries/getprio.o
 .data          0x810186e8        0x0 binaries/getstk.o
 .data          0x810186e8        0x0 binaries/getticks.o
 .data          0x810186e8        0x0 binaries/gettime.o
 .data          0x810186e8        0x0 binaries/getutime.o
 .data          0x810186e8        0x0 binaries/init.o
 .data          0x810186e8        0x0 binaries/initialize.o
 .data          0x810186e8        0x0 binaries/insert.o
 .data          0x810186e8        0x0 binaries/insertd.o
 .data          0x810186e8        0x0 binaries/ioerr.o
 .data          0x810186e8        0x0 binaries/ionull.o
 .data          0x810186e8        0x0 binaries/kill.o
 .data          0x810186e8        0x0 binaries/kprintf.o
 .data          0x810186e8        0x0 binaries/main.o
 .data          0x810186e8        0x0 binaries/mark.o
 .data          0x810186e8        0x0 binaries/meminit.o
 .data          0x810186e8        0x0 binaries/mkbufpool.o
 .data          0x810186e8        0x2 binaries/newqueue.o
 .data          0x810186ea        0x0 binaries/open.o
 .data          0x810186ea        0x0 binaries/panic.o
 .data          0x810186ea        0x0 binaries/platinit.o
 .data          0x810186ea        0x0 binaries/ptclear.o
 .data          0x810186ea        0x0 binaries/ptcount.o
 .data          0x810186ea        0x0 binaries/ptcreate.o
 .data          0x810186ea        0x0 binaries/ptdelete.o
 .data          0x810186ea        0x0 binaries/ptinit.o
 .data          0x810186ea        0x0 binaries/ptrecv.o
 .data          0x810186ea        0x0 binaries/ptreset.o
 .data          0x810186ea        0x0 binaries/ptsend.o
 .data          0x810186ea        0x0 binaries/putc.o
 .data          0x810186ea        0x0 binaries/queue.o
 .data          0x810186ea        0x0 binaries/read.o
 .data          0x810186ea        0x0 binaries/ready.o
 .data          0x810186ea        0x0 binaries/receive.o
 .data          0x810186ea        0x0 binaries/recvclr.o
 .data          0x810186ea        0x0 binaries/recvtime.o
 .data          0x810186ea        0x0 binaries/resched.o
 .data          0x810186ea        0x0 binaries/resume.o
 .data          0x810186ea        0x0 binaries/seek.o
 .data          0x810186ea        0x0 binaries/semcount.o
 .data          0x810186ea        0x0 binaries/semcreate.o
 .data          0x810186ea        0x0 binaries/semdelete.o
 .data          0x810186ea        0x0 binaries/semreset.o
 .data          0x810186ea        0x0 binaries/send.o
 .data          0x810186ea        0x0 binaries/signal.o
 .data          0x810186ea        0x0 binaries/signaln.o
 .data          0x810186ea        0x0 binaries/sleep.o
 .data          0x810186ea        0x0 binaries/suspend.o
 .data          0x810186ea        0x0 binaries/unsleep.o
 .data          0x810186ea        0x0 binaries/userret.o
 .data          0x810186ea        0x0 binaries/wait.o
 .data          0x810186ea        0x0 binaries/wakeup.o
 .data          0x810186ea        0x0 binaries/write.o
 .data          0x810186ea        0x0 binaries/xdone.o
 .data          0x810186ea        0x0 binaries/yield.o
 .data          0x810186ea        0x0 binaries/abs.o
 .data          0x810186ea        0x0 binaries/atoi.o
 .data          0x810186ea        0x0 binaries/atol.o
 .data          0x810186ea        0x0 binaries/bzero.o
 .data          0x810186ea        0x0 binaries/ctype_.o
 .data          0x810186ea        0x0 binaries/doprnt.o
 *fill*         0x810186ea        0x2 
 .data          0x810186ec       0x80 binaries/doscan.o
                0x810186ec                _sctab
 .data          0x8101876c        0x0 binaries/fdoprnt.o
 .data          0x8101876c        0x0 binaries/fgetc.o
 .data          0x8101876c        0x0 binaries/fgets.o
 .data          0x8101876c        0x0 binaries/fprintf.o
 .data          0x8101876c        0x0 binaries/fputc.o
 .data          0x8101876c        0x0 binaries/fputs.o
 .data          0x8101876c        0x0 binaries/fscanf.o
 .data          0x8101876c        0x0 binaries/getchar.o
 .data          0x8101876c        0x0 binaries/labs.o
 .data          0x8101876c        0x0 binaries/memchr.o
 .data          0x8101876c        0x0 binaries/memcmp.o
 .data          0x8101876c        0x0 binaries/memcpy.o
 .data          0x8101876c        0x0 binaries/memset.o
 .data          0x8101876c        0x0 binaries/printf.o
 .data          0x8101876c        0x0 binaries/putchar.o
 .data          0x8101876c        0x0 binaries/qsort.o
 .data          0x8101876c        0x4 binaries/rand.o
 .data          0x81018770        0x0 binaries/sprintf.o
 .data          0x81018770        0x0 binaries/sscanf.o
 .data          0x81018770        0x0 binaries/strchr.o
 .data          0x81018770        0x0 binaries/strcmp.o
 .data          0x81018770        0x0 binaries/strcpy.o
 .data          0x81018770        0x0 binaries/strlen.o
 .data          0x81018770        0x0 binaries/strncat.o
 .data          0x81018770        0x0 binaries/strncmp.o
 .data          0x81018770        0x0 binaries/strncpy.o
 .data          0x81018770        0x0 binaries/strnlen.o
 .data          0x81018770        0x0 binaries/strrchr.o
 .data          0x81018770        0x0 binaries/strstr.o
 .data          0x81018770        0x0 binaries/ttycontrol.o
 .data          0x81018770        0x0 binaries/ttygetc.o
 .data          0x81018770        0x0 binaries/ttyhandle_in.o
 .data          0x81018770        0x0 binaries/ttyhandle_out.o
 .data          0x81018770        0x0 binaries/ttyhandler.o
 .data          0x81018770        0x0 binaries/ttyinit.o
 .data          0x81018770        0x0 binaries/ttykickout.o
 .data          0x81018770        0x0 binaries/ttyputc.o
 .data          0x81018770        0x0 binaries/ttyread.o
 .data          0x81018770        0x0 binaries/ttywrite.o
 .data          0x81018770        0x0 binaries/mount.o
 .data          0x81018770        0x0 binaries/naminit.o
 .data          0x81018770        0x0 binaries/nammap.o
 .data          0x81018770        0x0 binaries/namopen.o
 .data          0x81018770        0x0 binaries/ethcontrol.o
 .data          0x81018770        0x0 binaries/ethhandler.o
 .data          0x81018770        0x0 binaries/ethinit.o
 .data          0x81018770        0x0 binaries/ethread.o
 .data          0x81018770        0x0 binaries/ethwrite.o
 .data          0x81018770        0x0 binaries/rdsbufalloc.o
 .data          0x81018770        0x0 binaries/rdsclose.o
 .data          0x81018770        0x0 binaries/rdscomm.o
 .data          0x81018770        0x0 binaries/rdscontrol.o
 .data          0x81018770        0x0 binaries/rdsinit.o
 .data          0x81018770        0x0 binaries/rdsopen.o
 .data          0x81018770        0x0 binaries/rdsprocess.o
 .data          0x81018770        0x0 binaries/rdsread.o
 .data          0x81018770        0x0 binaries/rdswrite.o
 .data          0x81018770        0x0 binaries/ramclose.o
 .data          0x81018770        0x0 binaries/raminit.o
 .data          0x81018770        0x0 binaries/ramopen.o
 .data          0x81018770        0x0 binaries/ramread.o
 .data          0x81018770        0x0 binaries/ramwrite.o
 .data          0x81018770        0x0 binaries/lfdballoc.o
 .data          0x81018770        0x0 binaries/lfdbfree.o
 .data          0x81018770        0x0 binaries/lfflush.o
 .data          0x81018770        0x0 binaries/lfgetmode.o
 .data          0x81018770        0x0 binaries/lfiballoc.o
 .data          0x81018770        0x0 binaries/lfibclear.o
 .data          0x81018770        0x0 binaries/lfibget.o
 .data          0x81018770        0x0 binaries/lfibput.o
 .data          0x81018770        0x0 binaries/lflclose.o
 .data          0x81018770        0x0 binaries/lflcontrol.o
 .data          0x81018770        0x0 binaries/lflgetc.o
 .data          0x81018770        0x0 binaries/lflinit.o
 .data          0x81018770        0x0 binaries/lflputc.o
 .data          0x81018770        0x0 binaries/lflread.o
 .data          0x81018770        0x0 binaries/lflseek.o
 .data          0x81018770        0x0 binaries/lflwrite.o
 .data          0x81018770        0x0 binaries/lfscheck.o
 .data          0x81018770        0x0 binaries/lfsckfmt.o
 .data          0x81018770        0x0 binaries/lfscreate.o
 .data          0x81018770        0x0 binaries/lfsetup.o
 .data          0x81018770        0x0 binaries/lfsinit.o
 .data          0x81018770        0x0 binaries/lfsopen.o
 .data          0x81018770        0x0 binaries/lftruncate.o
 .data          0x81018770        0x0 binaries/rflclose.o
 .data          0x81018770        0x0 binaries/rflgetc.o
 .data          0x81018770        0x0 binaries/rflinit.o
 .data          0x81018770        0x0 binaries/rflputc.o
 .data          0x81018770        0x0 binaries/rflread.o
 .data          0x81018770        0x0 binaries/rflseek.o
 .data          0x81018770        0x0 binaries/rflwrite.o
 .data          0x81018770        0x0 binaries/rfscomm.o
 .data          0x81018770        0x0 binaries/rfscontrol.o
 .data          0x81018770        0x0 binaries/rfsgetmode.o
 .data          0x81018770        0x0 binaries/rfsinit.o
 .data          0x81018770        0x0 binaries/rfsndmsg.o
 .data          0x81018770        0x0 binaries/rfsopen.o
 .data          0x81018770        0x0 binaries/spicontrol.o
 .data          0x81018770        0x0 binaries/spiinit.o
 .data          0x81018770        0x0 binaries/arp.o
 .data          0x81018770        0x0 binaries/dhcp.o
 .data          0x81018770        0x0 binaries/dns.o
 .data          0x81018770        0x0 binaries/dot2ip.o
 .data          0x81018770        0x0 binaries/hexdump.o
 .data          0x81018770        0x4 binaries/icmp.o
 .data          0x81018774        0x0 binaries/ip.o
 .data          0x81018774        0x0 binaries/MQTTSN.o
 .data          0x81018774        0x0 binaries/MQTTSNConnectClient.o
 .data          0x81018774        0x0 binaries/MQTTSNConnectServer.o
 .data          0x81018774        0x0 binaries/MQTTSNDeserializePublish.o
 .data          0x81018774        0x0 binaries/MQTTSNPacket.o
 .data          0x81018774        0x0 binaries/MQTTSNSearchClient.o
 .data          0x81018774        0x0 binaries/MQTTSNSearchServer.o
 .data          0x81018774        0x0 binaries/MQTTSNSerializePublish.o
 .data          0x81018774        0x0 binaries/MQTTSNSubscribeClient.o
 .data          0x81018774        0x0 binaries/MQTTSNSubscribeServer.o
 .data          0x81018774        0x0 binaries/MQTTSNUnsubscribeClient.o
 .data          0x81018774        0x0 binaries/MQTTSNUnsubscribeServer.o
 .data          0x81018774        0x0 binaries/net.o
 .data          0x81018774        0x0 binaries/pdump.o
 .data          0x81018774        0x0 binaries/tftp.o
 .data          0x81018774        0x4 binaries/udp.o
 .data          0x81018778        0x0 binaries/addargs.o
 .data          0x81018778        0x0 binaries/lexan.o
 .data          0x81018778        0x4 binaries/shell.o
                0x81018778                ncmd
 .data          0x8101877c        0x0 binaries/xsh_argecho.o
 .data          0x8101877c        0x0 binaries/xsh_arp.o
 .data          0x8101877c        0x0 binaries/xsh_cat.o
 .data          0x8101877c        0x0 binaries/xsh_clear.o
 .data          0x8101877c        0x0 binaries/xsh_date.o
 .data          0x8101877c        0x0 binaries/xsh_devdump.o
 .data          0x8101877c        0x0 binaries/xsh_echo.o
 .data          0x8101877c        0x0 binaries/xsh_exit.o
 .data          0x8101877c        0x0 binaries/xsh_help.o
 .data          0x8101877c        0x0 binaries/xsh_kill.o
 .data          0x8101877c        0x0 binaries/xsh_memdump.o
 .data          0x8101877c        0x0 binaries/xsh_memstat.o
 .data          0x8101877c        0x0 binaries/xsh_netinfo.o
 .data          0x8101877c        0x0 binaries/xsh_ping.o
 .data          0x8101877c        0x0 binaries/xsh_ps.o
 .data          0x8101877c        0x0 binaries/xsh_sleep.o
 .data          0x8101877c        0x0 binaries/xsh_udpdump.o
 .data          0x8101877c        0x0 binaries/xsh_udpecho.o
 .data          0x8101877c        0x0 binaries/xsh_udpserver.o
 .data          0x8101877c        0x0 binaries/xsh_uptime.o
 .data          0x8101877c        0x0 binaries/ctxsw.o
 .data          0x8101877c        0x0 binaries/intr.o
 .data          0x8101877c        0x0 ../cross_compiler/lib/gcc/arm-none-eabi/4.8.1//libgcc.a(_udivsi3.o)
 .data          0x8101877c        0x0 ../cross_compiler/lib/gcc/arm-none-eabi/4.8.1//libgcc.a(_divsi3.o)
 .data          0x8101877c        0x0 ../cross_compiler/lib/gcc/arm-none-eabi/4.8.1//libgcc.a(_dvmd_tls.o)
 .data          0x8101877c        0x0 ../cross_compiler/lib/gcc/arm-none-eabi/4.8.1//libgcc.a(_arm_muldivdf3.o)
 .data          0x8101877c        0x0 ../cross_compiler/lib/gcc/arm-none-eabi/4.8.1//libgcc.a(_arm_cmpdf2.o)
 .data          0x8101877c        0x0 ../cross_compiler/lib/gcc/arm-none-eabi/4.8.1//libgcc.a(_arm_fixdfsi.o)
                0x8101877c                edata = ABSOLUTE (.)
                0x81019000                . = ALIGN (0x1000)
 *fill*         0x8101877c      0x884 

.igot.plt       0x81019000        0x0
 .igot.plt      0x00000000        0x0 binaries/start.o

.bss            0x81019000    0x20000
                0x81019000                bss = ABSOLUTE (.)
 *(.bss .bss.*)
 .bss           0x81019000        0x0 binaries/start.o
 .bss           0x81019000        0x0 binaries/ascdate.o
 .bss           0x81019000        0x0 binaries/bufinit.o
 .bss           0x81019000        0x0 binaries/chprio.o
 .bss           0x81019000        0x0 binaries/clkhandler.o
 .bss           0x81019000        0x4 binaries/clkinit.o
                0x81019000                ctr1000
 .bss           0x81019004        0x0 binaries/close.o
 .bss           0x81019004        0x0 binaries/conf.o
 .bss           0x81019004        0x0 binaries/control.o
 .bss           0x81019004        0x0 binaries/create.o
 .bss           0x81019004        0x0 binaries/evec.o
 .bss           0x81019004        0x0 binaries/exit.o
 .bss           0x81019004        0x0 binaries/freebuf.o
 .bss           0x81019004        0x0 binaries/freemem.o
 .bss           0x81019004        0x0 binaries/getbuf.o
 .bss           0x81019004        0x0 binaries/getc.o
 .bss           0x81019004        0x0 binaries/getdev.o
 .bss           0x81019004        0x0 binaries/getitem.o
 .bss           0x81019004        0x0 binaries/getmem.o
 .bss           0x81019004        0x0 binaries/getpid.o
 .bss           0x81019004        0x0 binaries/getprio.o
 .bss           0x81019004        0x0 binaries/getstk.o
 .bss           0x81019004        0x0 binaries/getticks.o
 .bss           0x81019004        0x0 binaries/gettime.o
 .bss           0x81019004        0x0 binaries/getutime.o
 .bss           0x81019004        0x0 binaries/init.o
 .bss           0x81019004        0x0 binaries/initialize.o
 .bss           0x81019004        0x0 binaries/insert.o
 .bss           0x81019004        0x0 binaries/insertd.o
 .bss           0x81019004        0x0 binaries/ioerr.o
 .bss           0x81019004        0x0 binaries/ionull.o
 .bss           0x81019004        0x0 binaries/kill.o
 .bss           0x81019004        0x0 binaries/kprintf.o
 .bss           0x81019004        0x0 binaries/main.o
 .bss           0x81019004        0x0 binaries/mark.o
 .bss           0x81019004        0x0 binaries/meminit.o
 .bss           0x81019004        0x0 binaries/mkbufpool.o
 .bss           0x81019004        0x0 binaries/newqueue.o
 .bss           0x81019004        0x0 binaries/open.o
 .bss           0x81019004        0x0 binaries/panic.o
 .bss           0x81019004        0x0 binaries/platinit.o
 .bss           0x81019004        0x0 binaries/ptclear.o
 .bss           0x81019004        0x0 binaries/ptcount.o
 .bss           0x81019004        0x0 binaries/ptcreate.o
 .bss           0x81019004        0x0 binaries/ptdelete.o
 .bss           0x81019004        0x0 binaries/ptinit.o
 .bss           0x81019004        0x0 binaries/ptrecv.o
 .bss           0x81019004        0x0 binaries/ptreset.o
 .bss           0x81019004        0x0 binaries/ptsend.o
 .bss           0x81019004        0x0 binaries/putc.o
 .bss           0x81019004        0x0 binaries/queue.o
 .bss           0x81019004        0x0 binaries/read.o
 .bss           0x81019004        0x0 binaries/ready.o
 .bss           0x81019004        0x0 binaries/receive.o
 .bss           0x81019004        0x0 binaries/recvclr.o
 .bss           0x81019004        0x0 binaries/recvtime.o
 .bss           0x81019004        0x0 binaries/resched.o
 .bss           0x81019004        0x0 binaries/resume.o
 .bss           0x81019004        0x0 binaries/seek.o
 .bss           0x81019004        0x0 binaries/semcount.o
 .bss           0x81019004        0x4 binaries/semcreate.o
 .bss           0x81019008        0x0 binaries/semdelete.o
 .bss           0x81019008        0x0 binaries/semreset.o
 .bss           0x81019008        0x0 binaries/send.o
 .bss           0x81019008        0x0 binaries/signal.o
 .bss           0x81019008        0x0 binaries/signaln.o
 .bss           0x81019008        0x0 binaries/sleep.o
 .bss           0x81019008        0x0 binaries/suspend.o
 .bss           0x81019008        0x0 binaries/unsleep.o
 .bss           0x81019008        0x0 binaries/userret.o
 .bss           0x81019008        0x0 binaries/wait.o
 .bss           0x81019008        0x0 binaries/wakeup.o
 .bss           0x81019008        0x0 binaries/write.o
 .bss           0x81019008        0x0 binaries/xdone.o
 .bss           0x81019008        0x0 binaries/yield.o
 .bss           0x81019008        0x0 binaries/abs.o
 .bss           0x81019008        0x0 binaries/atoi.o
 .bss           0x81019008        0x0 binaries/atol.o
 .bss           0x81019008        0x0 binaries/bzero.o
 .bss           0x81019008        0x0 binaries/ctype_.o
 .bss           0x81019008        0x0 binaries/doprnt.o
 .bss           0x81019008        0x0 binaries/doscan.o
 .bss           0x81019008        0x0 binaries/fdoprnt.o
 .bss           0x81019008        0x0 binaries/fgetc.o
 .bss           0x81019008        0x0 binaries/fgets.o
 .bss           0x81019008        0x0 binaries/fprintf.o
 .bss           0x81019008        0x0 binaries/fputc.o
 .bss           0x81019008        0x0 binaries/fputs.o
 .bss           0x81019008        0x0 binaries/fscanf.o
 .bss           0x81019008        0x0 binaries/getchar.o
 .bss           0x81019008        0x0 binaries/labs.o
 .bss           0x81019008        0x0 binaries/memchr.o
 .bss           0x81019008        0x0 binaries/memcmp.o
 .bss           0x81019008        0x0 binaries/memcpy.o
 .bss           0x81019008        0x0 binaries/memset.o
 .bss           0x81019008        0x0 binaries/printf.o
 .bss           0x81019008        0x0 binaries/putchar.o
 .bss           0x81019008        0x8 binaries/qsort.o
 .bss           0x81019010        0x0 binaries/rand.o
 .bss           0x81019010        0x0 binaries/sprintf.o
 .bss           0x81019010        0x0 binaries/sscanf.o
 .bss           0x81019010        0x0 binaries/strchr.o
 .bss           0x81019010        0x0 binaries/strcmp.o
 .bss           0x81019010        0x0 binaries/strcpy.o
 .bss           0x81019010        0x0 binaries/strlen.o
 .bss           0x81019010        0x0 binaries/strncat.o
 .bss           0x81019010        0x0 binaries/strncmp.o
 .bss           0x81019010        0x0 binaries/strncpy.o
 .bss           0x81019010        0x0 binaries/strnlen.o
 .bss           0x81019010        0x0 binaries/strrchr.o
 .bss           0x81019010        0x0 binaries/strstr.o
 .bss           0x81019010        0x0 binaries/ttycontrol.o
 .bss           0x81019010        0x0 binaries/ttygetc.o
 .bss           0x81019010        0x0 binaries/ttyhandle_in.o
 .bss           0x81019010        0x0 binaries/ttyhandle_out.o
 .bss           0x81019010        0x0 binaries/ttyhandler.o
 .bss           0x81019010        0x0 binaries/ttyinit.o
 .bss           0x81019010        0x0 binaries/ttykickout.o
 .bss           0x81019010        0x0 binaries/ttyputc.o
 .bss           0x81019010        0x0 binaries/ttyread.o
 .bss           0x81019010        0x0 binaries/ttywrite.o
 .bss           0x81019010        0x0 binaries/mount.o
 .bss           0x81019010        0x0 binaries/naminit.o
 .bss           0x81019010        0x0 binaries/nammap.o
 .bss           0x81019010        0x0 binaries/namopen.o
 .bss           0x81019010        0x0 binaries/ethcontrol.o
 .bss           0x81019010        0x0 binaries/ethhandler.o
 .bss           0x81019010        0x0 binaries/ethinit.o
 .bss           0x81019010        0x0 binaries/ethread.o
 .bss           0x81019010        0x0 binaries/ethwrite.o
 .bss           0x81019010        0x0 binaries/rdsbufalloc.o
 .bss           0x81019010        0x0 binaries/rdsclose.o
 .bss           0x81019010        0x0 binaries/rdscomm.o
 .bss           0x81019010        0x0 binaries/rdscontrol.o
 .bss           0x81019010        0x0 binaries/rdsinit.o
 .bss           0x81019010        0x0 binaries/rdsopen.o
 .bss           0x81019010        0x0 binaries/rdsprocess.o
 .bss           0x81019010        0x0 binaries/rdsread.o
 .bss           0x81019010        0x0 binaries/rdswrite.o
 .bss           0x81019010        0x0 binaries/ramclose.o
 .bss           0x81019010        0x0 binaries/raminit.o
 .bss           0x81019010        0x0 binaries/ramopen.o
 .bss           0x81019010        0x0 binaries/ramread.o
 .bss           0x81019010        0x0 binaries/ramwrite.o
 .bss           0x81019010        0x0 binaries/lfdballoc.o
 .bss           0x81019010        0x0 binaries/lfdbfree.o
 .bss           0x81019010        0x0 binaries/lfflush.o
 .bss           0x81019010        0x0 binaries/lfgetmode.o
 .bss           0x81019010        0x0 binaries/lfiballoc.o
 .bss           0x81019010        0x0 binaries/lfibclear.o
 .bss           0x81019010        0x0 binaries/lfibget.o
 .bss           0x81019010        0x0 binaries/lfibput.o
 .bss           0x81019010        0x0 binaries/lflclose.o
 .bss           0x81019010        0x0 binaries/lflcontrol.o
 .bss           0x81019010        0x0 binaries/lflgetc.o
 .bss           0x81019010        0x0 binaries/lflinit.o
 .bss           0x81019010        0x0 binaries/lflputc.o
 .bss           0x81019010        0x0 binaries/lflread.o
 .bss           0x81019010        0x0 binaries/lflseek.o
 .bss           0x81019010        0x0 binaries/lflwrite.o
 .bss           0x81019010        0x0 binaries/lfscheck.o
 .bss           0x81019010        0x0 binaries/lfsckfmt.o
 .bss           0x81019010        0x0 binaries/lfscreate.o
 .bss           0x81019010        0x0 binaries/lfsetup.o
 .bss           0x81019010        0x0 binaries/lfsinit.o
 .bss           0x81019010        0x0 binaries/lfsopen.o
 .bss           0x81019010        0x0 binaries/lftruncate.o
 .bss           0x81019010        0x0 binaries/rflclose.o
 .bss           0x81019010        0x0 binaries/rflgetc.o
 .bss           0x81019010        0x0 binaries/rflinit.o
 .bss           0x81019010        0x0 binaries/rflputc.o
 .bss           0x81019010        0x0 binaries/rflread.o
 .bss           0x81019010        0x0 binaries/rflseek.o
 .bss           0x81019010        0x0 binaries/rflwrite.o
 .bss           0x81019010        0x0 binaries/rfscomm.o
 .bss           0x81019010        0x0 binaries/rfscontrol.o
 .bss           0x81019010        0x0 binaries/rfsgetmode.o
 .bss           0x81019010        0x0 binaries/rfsinit.o
 .bss           0x81019010        0x0 binaries/rfsndmsg.o
 .bss           0x81019010        0x0 binaries/rfsopen.o
 .bss           0x81019010        0x0 binaries/spicontrol.o
 .bss           0x81019010        0x0 binaries/spiinit.o
 .bss           0x81019010        0x0 binaries/arp.o
 .bss           0x81019010        0x0 binaries/dhcp.o
 .bss           0x81019010        0x0 binaries/dns.o
 .bss           0x81019010        0x0 binaries/dot2ip.o
 .bss           0x81019010        0x0 binaries/hexdump.o
 .bss           0x81019010        0x0 binaries/icmp.o
 .bss           0x81019010        0x0 binaries/ip.o
 .bss           0x81019010        0x2 binaries/MQTTSN.o
 .bss           0x81019012        0x0 binaries/MQTTSNConnectClient.o
 .bss           0x81019012        0x0 binaries/MQTTSNConnectServer.o
 .bss           0x81019012        0x0 binaries/MQTTSNDeserializePublish.o
 .bss           0x81019012        0x0 binaries/MQTTSNPacket.o
 .bss           0x81019012        0x0 binaries/MQTTSNSearchClient.o
 .bss           0x81019012        0x0 binaries/MQTTSNSearchServer.o
 .bss           0x81019012        0x0 binaries/MQTTSNSerializePublish.o
 .bss           0x81019012        0x0 binaries/MQTTSNSubscribeClient.o
 .bss           0x81019012        0x0 binaries/MQTTSNSubscribeServer.o
 .bss           0x81019012        0x0 binaries/MQTTSNUnsubscribeClient.o
 .bss           0x81019012        0x0 binaries/MQTTSNUnsubscribeServer.o
 .bss           0x81019012        0x0 binaries/net.o
 .bss           0x81019012        0x0 binaries/pdump.o
 .bss           0x81019012        0x0 binaries/tftp.o
 .bss           0x81019012        0x0 binaries/udp.o
 .bss           0x81019012        0x0 binaries/addargs.o
 .bss           0x81019012        0x0 binaries/lexan.o
 .bss           0x81019012        0x0 binaries/shell.o
 .bss           0x81019012        0x0 binaries/xsh_argecho.o
 .bss           0x81019012        0x0 binaries/xsh_arp.o
 .bss           0x81019012        0x0 binaries/xsh_cat.o
 .bss           0x81019012        0x0 binaries/xsh_clear.o
 .bss           0x81019012        0x0 binaries/xsh_date.o
 .bss           0x81019012        0x0 binaries/xsh_devdump.o
 .bss           0x81019012        0x0 binaries/xsh_echo.o
 .bss           0x81019012        0x0 binaries/xsh_exit.o
 .bss           0x81019012        0x0 binaries/xsh_help.o
 .bss           0x81019012        0x0 binaries/xsh_kill.o
 .bss           0x81019012        0x0 binaries/xsh_memdump.o
 .bss           0x81019012        0x0 binaries/xsh_memstat.o
 .bss           0x81019012        0x0 binaries/xsh_netinfo.o
 *fill*         0x81019012        0x2 
 .bss           0x81019014        0x4 binaries/xsh_ping.o
 .bss           0x81019018        0x0 binaries/xsh_ps.o
 .bss           0x81019018        0x0 binaries/xsh_sleep.o
 .bss           0x81019018        0x0 binaries/xsh_udpdump.o
 .bss           0x81019018        0x0 binaries/xsh_udpecho.o
 .bss           0x81019018        0x0 binaries/xsh_udpserver.o
 .bss           0x81019018        0x0 binaries/xsh_uptime.o
 .bss           0x81019018        0x0 binaries/ctxsw.o
 .bss           0x81019018        0x0 binaries/intr.o
 .bss           0x81019018        0x0 ../cross_compiler/lib/gcc/arm-none-eabi/4.8.1//libgcc.a(_udivsi3.o)
 .bss           0x81019018        0x0 ../cross_compiler/lib/gcc/arm-none-eabi/4.8.1//libgcc.a(_divsi3.o)
 .bss           0x81019018        0x0 ../cross_compiler/lib/gcc/arm-none-eabi/4.8.1//libgcc.a(_dvmd_tls.o)
 .bss           0x81019018        0x0 ../cross_compiler/lib/gcc/arm-none-eabi/4.8.1//libgcc.a(_arm_muldivdf3.o)
 .bss           0x81019018        0x0 ../cross_compiler/lib/gcc/arm-none-eabi/4.8.1//libgcc.a(_arm_cmpdf2.o)
 .bss           0x81019018        0x0 ../cross_compiler/lib/gcc/arm-none-eabi/4.8.1//libgcc.a(_arm_fixdfsi.o)
 *(COMMON)
 COMMON         0x81019018       0xf4 binaries/bufinit.o
                0x81019018                buftab
                0x81019108                nbpools
 COMMON         0x8101910c       0x10 binaries/clkinit.o
                0x8101910c                sleepq
                0x81019110                clktime_ms
                0x81019114                preempt
[...]
 .ARM.attributes
                0x00001fd2       0x35 binaries/lflgetc.o
 .ARM.attributes
                0x00002007       0x35 binaries/lflinit.o
 .ARM.attributes
                0x0000203c       0x35 binaries/lflputc.o
 .ARM.attributes
                0x00002071       0x35 binaries/lflread.o
 .ARM.attributes
                0x000020a6       0x35 binaries/lflseek.o
 .ARM.attributes
                0x000020db       0x35 binaries/lflwrite.o
 .ARM.attributes
                0x00002110       0x35 binaries/lfscheck.o
 .ARM.attributes
                0x00002145       0x35 binaries/lfsckfmt.o
 .ARM.attributes
                0x0000217a       0x35 binaries/lfscreate.o
 .ARM.attributes
                0x000021af       0x35 binaries/lfsetup.o
 .ARM.attributes
                0x000021e4       0x35 binaries/lfsinit.o
 .ARM.attributes
                0x00002219       0x35 binaries/lfsopen.o
 .ARM.attributes
                0x0000224e       0x35 binaries/lftruncate.o
 .ARM.attributes
                0x00002283       0x35 binaries/rflclose.o
 .ARM.attributes
                0x000022b8       0x35 binaries/rflgetc.o
 .ARM.attributes
                0x000022ed       0x35 binaries/rflinit.o
 .ARM.attributes
                0x00002322       0x35 binaries/rflputc.o
 .ARM.attributes
                0x00002357       0x35 binaries/rflread.o
 .ARM.attributes
                0x0000238c       0x35 binaries/rflseek.o
 .ARM.attributes
                0x000023c1       0x35 binaries/rflwrite.o
 .ARM.attributes
                0x000023f6       0x35 binaries/rfscomm.o
 .ARM.attributes
                0x0000242b       0x35 binaries/rfscontrol.o
 .ARM.attributes
                0x00002460       0x35 binaries/rfsgetmode.o
 .ARM.attributes
                0x00002495       0x35 binaries/rfsinit.o
 .ARM.attributes
                0x000024ca       0x35 binaries/rfsndmsg.o
 .ARM.attributes
                0x000024ff       0x35 binaries/rfsopen.o
 .ARM.attributes
                0x00002534       0x35 binaries/spicontrol.o
 .ARM.attributes
                0x00002569       0x35 binaries/spiinit.o
 .ARM.attributes
                0x0000259e       0x35 binaries/arp.o
 .ARM.attributes
                0x000025d3       0x35 binaries/dhcp.o
 .ARM.attributes
                0x00002608       0x35 binaries/dns.o
 .ARM.attributes
                0x0000263d       0x35 binaries/dot2ip.o
 .ARM.attributes
                0x00002672       0x35 binaries/hexdump.o
 .ARM.attributes
                0x000026a7       0x35 binaries/icmp.o
 .ARM.attributes
                0x000026dc       0x35 binaries/ip.o
 .ARM.attributes
                0x00002711       0x35 binaries/MQTTSN.o
 .ARM.attributes
                0x00002746       0x35 binaries/MQTTSNConnectClient.o
 .ARM.attributes
                0x0000277b       0x35 binaries/MQTTSNConnectServer.o
 .ARM.attributes
                0x000027b0       0x35 binaries/MQTTSNDeserializePublish.o
 .ARM.attributes
                0x000027e5       0x35 binaries/MQTTSNPacket.o
 .ARM.attributes
                0x0000281a       0x35 binaries/MQTTSNSearchClient.o
 .ARM.attributes
                0x0000284f       0x35 binaries/MQTTSNSearchServer.o
 .ARM.attributes
                0x00002884       0x35 binaries/MQTTSNSerializePublish.o
 .ARM.attributes
                0x000028b9       0x35 binaries/MQTTSNSubscribeClient.o
 .ARM.attributes
                0x000028ee       0x35 binaries/MQTTSNSubscribeServer.o
 .ARM.attributes
                0x00002923       0x35 binaries/MQTTSNUnsubscribeClient.o
 .ARM.attributes
                0x00002958       0x35 binaries/MQTTSNUnsubscribeServer.o
 .ARM.attributes
                0x0000298d       0x35 binaries/net.o
 .ARM.attributes
                0x000029c2       0x35 binaries/pdump.o
 .ARM.attributes
                0x000029f7       0x35 binaries/tftp.o
 .ARM.attributes
                0x00002a2c       0x35 binaries/udp.o
 .ARM.attributes
                0x00002a61       0x35 binaries/addargs.o
 .ARM.attributes
                0x00002a96       0x35 binaries/lexan.o
 .ARM.attributes
                0x00002acb       0x35 binaries/shell.o
 .ARM.attributes
                0x00002b00       0x35 binaries/xsh_argecho.o
 .ARM.attributes
                0x00002b35       0x35 binaries/xsh_arp.o
 .ARM.attributes
                0x00002b6a       0x35 binaries/xsh_cat.o
 .ARM.attributes
                0x00002b9f       0x35 binaries/xsh_clear.o
 .ARM.attributes
                0x00002bd4       0x35 binaries/xsh_date.o
 .ARM.attributes
                0x00002c09       0x35 binaries/xsh_devdump.o
 .ARM.attributes
                0x00002c3e       0x35 binaries/xsh_echo.o
 .ARM.attributes
                0x00002c73       0x35 binaries/xsh_exit.o
 .ARM.attributes
                0x00002ca8       0x35 binaries/xsh_help.o
 .ARM.attributes
                0x00002cdd       0x35 binaries/xsh_kill.o
 .ARM.attributes
                0x00002d12       0x35 binaries/xsh_memdump.o
 .ARM.attributes
                0x00002d47       0x35 binaries/xsh_memstat.o
 .ARM.attributes
                0x00002d7c       0x35 binaries/xsh_netinfo.o
 .ARM.attributes
                0x00002db1       0x35 binaries/xsh_ping.o
 .ARM.attributes
                0x00002de6       0x35 binaries/xsh_ps.o
 .ARM.attributes
                0x00002e1b       0x35 binaries/xsh_sleep.o
 .ARM.attributes
                0x00002e50       0x35 binaries/xsh_udpdump.o
 .ARM.attributes
                0x00002e85       0x35 binaries/xsh_udpecho.o
 .ARM.attributes
                0x00002eba       0x35 binaries/xsh_udpserver.o
 .ARM.attributes
                0x00002eef       0x35 binaries/xsh_uptime.o
 .ARM.attributes
                0x00002f24       0x25 binaries/ctxsw.o
 .ARM.attributes
                0x00002f49       0x25 binaries/intr.o
 .ARM.attributes
                0x00002f6e       0x18 ../cross_compiler/lib/gcc/arm-none-eabi/4.8.1//libgcc.a(_udivsi3.o)
 .ARM.attributes
                0x00002f86       0x18 ../cross_compiler/lib/gcc/arm-none-eabi/4.8.1//libgcc.a(_divsi3.o)
 .ARM.attributes
                0x00002f9e       0x18 ../cross_compiler/lib/gcc/arm-none-eabi/4.8.1//libgcc.a(_dvmd_tls.o)
 .ARM.attributes
                0x00002fb6       0x18 ../cross_compiler/lib/gcc/arm-none-eabi/4.8.1//libgcc.a(_arm_muldivdf3.o)
 .ARM.attributes
                0x00002fce       0x18 ../cross_compiler/lib/gcc/arm-none-eabi/4.8.1//libgcc.a(_arm_cmpdf2.o)
 .ARM.attributes
                0x00002fe6       0x18 ../cross_compiler/lib/gcc/arm-none-eabi/4.8.1//libgcc.a(_arm_fixdfsi.o)

.comment        0x00000000       0x30
 .comment       0x00000000       0x30 binaries/ascdate.o
                                 0x31 (size before relaxing)
 .comment       0x00000000       0x31 binaries/bufinit.o
 .comment       0x00000000       0x31 binaries/chprio.o
 .comment       0x00000000       0x31 binaries/clkhandler.o
 .comment       0x00000000       0x31 binaries/clkinit.o
 .comment       0x00000000       0x31 binaries/close.o
 .comment       0x00000000       0x31 binaries/conf.o
 .comment       0x00000000       0x31 binaries/control.o
 .comment       0x00000000       0x31 binaries/create.o
 .comment       0x00000000       0x31 binaries/evec.o
 .comment       0x00000000       0x31 binaries/exit.o
 .comment       0x00000000       0x31 binaries/freebuf.o
 .comment       0x00000000       0x31 binaries/freemem.o
 .comment       0x00000000       0x31 binaries/getbuf.o
 .comment       0x00000000       0x31 binaries/getc.o
 .comment       0x00000000       0x31 binaries/getdev.o
 .comment       0x00000000       0x31 binaries/getitem.o
 .comment       0x00000000       0x31 binaries/getmem.o
 .comment       0x00000000       0x31 binaries/getpid.o
 .comment       0x00000000       0x31 binaries/getprio.o
 .comment       0x00000000       0x31 binaries/getstk.o
 .comment       0x00000000       0x31 binaries/getticks.o
 .comment       0x00000000       0x31 binaries/gettime.o
 .comment       0x00000000       0x31 binaries/getutime.o
 .comment       0x00000000       0x31 binaries/init.o
 .comment       0x00000000       0x31 binaries/initialize.o
 .comment       0x00000000       0x31 binaries/insert.o
 .comment       0x00000000       0x31 binaries/insertd.o
 .comment       0x00000000       0x31 binaries/ioerr.o
 .comment       0x00000000       0x31 binaries/ionull.o
 .comment       0x00000000       0x31 binaries/kill.o
 .comment       0x00000000       0x31 binaries/kprintf.o
 .comment       0x00000000       0x31 binaries/main.o
 .comment       0x00000000       0x31 binaries/mark.o
 .comment       0x00000000       0x31 binaries/meminit.o
 .comment       0x00000000       0x31 binaries/mkbufpool.o
 .comment       0x00000000       0x31 binaries/newqueue.o
 .comment       0x00000000       0x31 binaries/open.o
 .comment       0x00000000       0x31 binaries/panic.o
 .comment       0x00000000       0x31 binaries/platinit.o
 .comment       0x00000000       0x31 binaries/ptclear.o
 .comment       0x00000000       0x31 binaries/ptcount.o
 .comment       0x00000000       0x31 binaries/ptcreate.o
 .comment       0x00000000       0x31 binaries/ptdelete.o
 .comment       0x00000000       0x31 binaries/ptinit.o
 .comment       0x00000000       0x31 binaries/ptrecv.o
 .comment       0x00000000       0x31 binaries/ptreset.o
 .comment       0x00000000       0x31 binaries/ptsend.o
 .comment       0x00000000       0x31 binaries/putc.o
 .comment       0x00000000       0x31 binaries/queue.o
 .comment       0x00000000       0x31 binaries/read.o
 .comment       0x00000000       0x31 binaries/ready.o
 .comment       0x00000000       0x31 binaries/receive.o
 .comment       0x00000000       0x31 binaries/recvclr.o
 .comment       0x00000000       0x31 binaries/recvtime.o
 .comment       0x00000000       0x31 binaries/resched.o
 .comment       0x00000000       0x31 binaries/resume.o
 .comment       0x00000000       0x31 binaries/seek.o
 .comment       0x00000000       0x31 binaries/semcount.o
 .comment       0x00000000       0x31 binaries/semcreate.o
 .comment       0x00000000       0x31 binaries/semdelete.o
 .comment       0x00000000       0x31 binaries/semreset.o
 .comment       0x00000000       0x31 binaries/send.o
 .comment       0x00000000       0x31 binaries/signal.o
 .comment       0x00000000       0x31 binaries/signaln.o
 .comment       0x00000000       0x31 binaries/sleep.o
 .comment       0x00000000       0x31 binaries/suspend.o
 .comment       0x00000000       0x31 binaries/unsleep.o
 .comment       0x00000000       0x31 binaries/userret.o
 .comment       0x00000000       0x31 binaries/wait.o
 .comment       0x00000000       0x31 binaries/wakeup.o
 .comment       0x00000000       0x31 binaries/write.o
 .comment       0x00000000       0x31 binaries/xdone.o
 .comment       0x00000000       0x31 binaries/yield.o
 .comment       0x00000000       0x31 binaries/abs.o
 .comment       0x00000000       0x31 binaries/atoi.o
 .comment       0x00000000       0x31 binaries/atol.o
 .comment       0x00000000       0x31 binaries/bzero.o
 .comment       0x00000000       0x31 binaries/ctype_.o
 .comment       0x00000000       0x31 binaries/doprnt.o
 .comment       0x00000000       0x31 binaries/doscan.o
 .comment       0x00000000       0x31 binaries/fdoprnt.o
 .comment       0x00000000       0x31 binaries/fgetc.o
 .comment       0x00000000       0x31 binaries/fgets.o
 .comment       0x00000000       0x31 binaries/fprintf.o
 .comment       0x00000000       0x31 binaries/fputc.o
 .comment       0x00000000       0x31 binaries/fputs.o
 .comment       0x00000000       0x31 binaries/fscanf.o
 .comment       0x00000000       0x31 binaries/getchar.o
 .comment       0x00000000       0x31 binaries/labs.o
 .comment       0x00000000       0x31 binaries/memchr.o
 .comment       0x00000000       0x31 binaries/memcmp.o
 .comment       0x00000000       0x31 binaries/memcpy.o
 .comment       0x00000000       0x31 binaries/memset.o
 .comment       0x00000000       0x31 binaries/printf.o
 .comment       0x00000000       0x31 binaries/putchar.o
 .comment       0x00000000       0x31 binaries/qsort.o
 .comment       0x00000000       0x31 binaries/rand.o
 .comment       0x00000000       0x31 binaries/sprintf.o
 .comment       0x00000000       0x31 binaries/sscanf.o
 .comment       0x00000000       0x31 binaries/strchr.o
 .comment       0x00000000       0x31 binaries/strcmp.o
 .comment       0x00000000       0x31 binaries/strcpy.o
 .comment       0x00000000       0x31 binaries/strlen.o
 .comment       0x00000000       0x31 binaries/strncat.o
 .comment       0x00000000       0x31 binaries/strncmp.o
 .comment       0x00000000       0x31 binaries/strncpy.o
 .comment       0x00000000       0x31 binaries/strnlen.o
 .comment       0x00000000       0x31 binaries/strrchr.o
 .comment       0x00000000       0x31 binaries/strstr.o
 .comment       0x00000000       0x31 binaries/ttycontrol.o
 .comment       0x00000000       0x31 binaries/ttygetc.o
 .comment       0x00000000       0x31 binaries/ttyhandle_in.o
 .comment       0x00000000       0x31 binaries/ttyhandle_out.o
 .comment       0x00000000       0x31 binaries/ttyhandler.o
 .comment       0x00000000       0x31 binaries/ttyinit.o
 .comment       0x00000000       0x31 binaries/ttykickout.o
 .comment       0x00000000       0x31 binaries/ttyputc.o
 .comment       0x00000000       0x31 binaries/ttyread.o
 .comment       0x00000000       0x31 binaries/ttywrite.o
 .comment       0x00000000       0x31 binaries/mount.o
 .comment       0x00000000       0x31 binaries/naminit.o
 .comment       0x00000000       0x31 binaries/nammap.o
 .comment       0x00000000       0x31 binaries/namopen.o
 .comment       0x00000000       0x31 binaries/ethcontrol.o
 .comment       0x00000000       0x31 binaries/ethhandler.o
 .comment       0x00000000       0x31 binaries/ethinit.o
 .comment       0x00000000       0x31 binaries/ethread.o
 .comment       0x00000000       0x31 binaries/ethwrite.o
 .comment       0x00000000       0x31 binaries/rdsbufalloc.o
 .comment       0x00000000       0x31 binaries/rdsclose.o
 .comment       0x00000000       0x31 binaries/rdscomm.o
 .comment       0x00000000       0x31 binaries/rdscontrol.o
 .comment       0x00000000       0x31 binaries/rdsinit.o
 .comment       0x00000000       0x31 binaries/rdsopen.o
 .comment       0x00000000       0x31 binaries/rdsprocess.o
 .comment       0x00000000       0x31 binaries/rdsread.o
 .comment       0x00000000       0x31 binaries/rdswrite.o
 .comment       0x00000000       0x31 binaries/ramclose.o
 .comment       0x00000000       0x31 binaries/raminit.o
 .comment       0x00000000       0x31 binaries/ramopen.o
 .comment       0x00000000       0x31 binaries/ramread.o
 .comment       0x00000000       0x31 binaries/ramwrite.o
 .comment       0x00000000       0x31 binaries/lfdballoc.o
 .comment       0x00000000       0x31 binaries/lfdbfree.o
 .comment       0x00000000       0x31 binaries/lfflush.o
 .comment       0x00000000       0x31 binaries/lfgetmode.o
 .comment       0x00000000       0x31 binaries/lfiballoc.o
 .comment       0x00000000       0x31 binaries/lfibclear.o
 .comment       0x00000000       0x31 binaries/lfibget.o
 .comment       0x00000000       0x31 binaries/lfibput.o
 .comment       0x00000000       0x31 binaries/lflclose.o
 .comment       0x00000000       0x31 binaries/lflcontrol.o
 .comment       0x00000000       0x31 binaries/lflgetc.o
 .comment       0x00000000       0x31 binaries/lflinit.o
 .comment       0x00000000       0x31 binaries/lflputc.o
 .comment       0x00000000       0x31 binaries/lflread.o
 .comment       0x00000000       0x31 binaries/lflseek.o
 .comment       0x00000000       0x31 binaries/lflwrite.o
 .comment       0x00000000       0x31 binaries/lfscheck.o
 .comment       0x00000000       0x31 binaries/lfsckfmt.o
 .comment       0x00000000       0x31 binaries/lfscreate.o
 .comment       0x00000000       0x31 binaries/lfsetup.o
 .comment       0x00000000       0x31 binaries/lfsinit.o
 .comment       0x00000000       0x31 binaries/lfsopen.o
 .comment       0x00000000       0x31 binaries/lftruncate.o
 .comment       0x00000000       0x31 binaries/rflclose.o
 .comment       0x00000000       0x31 binaries/rflgetc.o
 .comment       0x00000000       0x31 binaries/rflinit.o
 .comment       0x00000000       0x31 binaries/rflputc.o
 .comment       0x00000000       0x31 binaries/rflread.o
 .comment       0x00000000       0x31 binaries/rflseek.o
 .comment       0x00000000       0x31 binaries/rflwrite.o
 .comment       0x00000000       0x31 binaries/rfscomm.o
 .comment       0x00000000       0x31 binaries/rfscontrol.o
 .comment       0x00000000       0x31 binaries/rfsgetmode.o
 .comment       0x00000000       0x31 binaries/rfsinit.o
 .comment       0x00000000       0x31 binaries/rfsndmsg.o
 .comment       0x00000000       0x31 binaries/rfsopen.o
 .comment       0x00000000       0x31 binaries/spicontrol.o
 .comment       0x00000000       0x31 binaries/spiinit.o
 .comment       0x00000000       0x31 binaries/arp.o
 .comment       0x00000000       0x31 binaries/dhcp.o
 .comment       0x00000000       0x31 binaries/dns.o
 .comment       0x00000000       0x31 binaries/dot2ip.o
 .comment       0x00000000       0x31 binaries/hexdump.o
 .comment       0x00000000       0x31 binaries/icmp.o
 .comment       0x00000000       0x31 binaries/ip.o
 .comment       0x00000000       0x31 binaries/MQTTSN.o
 .comment       0x00000000       0x31 binaries/MQTTSNConnectClient.o
 .comment       0x00000000       0x31 binaries/MQTTSNConnectServer.o
 .comment       0x00000000       0x31 binaries/MQTTSNDeserializePublish.o
 .comment       0x00000000       0x31 binaries/MQTTSNPacket.o
 .comment       0x00000000       0x31 binaries/MQTTSNSearchClient.o
 .comment       0x00000000       0x31 binaries/MQTTSNSearchServer.o
 .comment       0x00000000       0x31 binaries/MQTTSNSerializePublish.o
 .comment       0x00000000       0x31 binaries/MQTTSNSubscribeClient.o
 .comment       0x00000000       0x31 binaries/MQTTSNSubscribeServer.o
 .comment       0x00000000       0x31 binaries/MQTTSNUnsubscribeClient.o
 .comment       0x00000000       0x31 binaries/MQTTSNUnsubscribeServer.o
 .comment       0x00000000       0x31 binaries/net.o
 .comment       0x00000000       0x31 binaries/pdump.o
 .comment       0x00000000       0x31 binaries/tftp.o
 .comment       0x00000000       0x31 binaries/udp.o
 .comment       0x00000000       0x31 binaries/addargs.o
 .comment       0x00000000       0x31 binaries/lexan.o
 .comment       0x00000000       0x31 binaries/shell.o
 .comment       0x00000000       0x31 binaries/xsh_argecho.o
 .comment       0x00000000       0x31 binaries/xsh_arp.o
 .comment       0x00000000       0x31 binaries/xsh_cat.o
 .comment       0x00000000       0x31 binaries/xsh_clear.o
 .comment       0x00000000       0x31 binaries/xsh_date.o
 .comment       0x00000000       0x31 binaries/xsh_devdump.o
 .comment       0x00000000       0x31 binaries/xsh_echo.o
 .comment       0x00000000       0x31 binaries/xsh_exit.o
 .comment       0x00000000       0x31 binaries/xsh_help.o
 .comment       0x00000000       0x31 binaries/xsh_kill.o
 .comment       0x00000000       0x31 binaries/xsh_memdump.o
 .comment       0x00000000       0x31 binaries/xsh_memstat.o
 .comment       0x00000000       0x31 binaries/xsh_netinfo.o
 .comment       0x00000000       0x31 binaries/xsh_ping.o
 .comment       0x00000000       0x31 binaries/xsh_ps.o
 .comment       0x00000000       0x31 binaries/xsh_sleep.o
 .comment       0x00000000       0x31 binaries/xsh_udpdump.o
 .comment       0x00000000       0x31 binaries/xsh_udpecho.o
 .comment       0x00000000       0x31 binaries/xsh_udpserver.o
 .comment       0x00000000       0x31 binaries/xsh_uptime.o

.debug_frame    0x00000000       0x40
 .debug_frame   0x00000000       0x20 ../cross_compiler/lib/gcc/arm-none-eabi/4.8.1//libgcc.a(_udivsi3.o)
 .debug_frame   0x00000020       0x20 ../cross_compiler/lib/gcc/arm-none-eabi/4.8.1//libgcc.a(_divsi3.o)
