Archive member included because of file (symbol)

../cross_compiler/lib/gcc/arm-none-eabi/4.8.1//libgcc.a(_udivsi3.o)
                              binaries/qsort.o (__aeabi_uidiv)
../cross_compiler/lib/gcc/arm-none-eabi/4.8.1//libgcc.a(_divsi3.o)
                              binaries/doprnt.o (__aeabi_idiv)
../cross_compiler/lib/gcc/arm-none-eabi/4.8.1//libgcc.a(_dvmd_tls.o)
                              ../cross_compiler/lib/gcc/arm-none-eabi/4.8.1//libgcc.a(_udivsi3.o) (__aeabi_idiv0)
../cross_compiler/lib/gcc/arm-none-eabi/4.8.1//libgcc.a(_arm_addsubdf3.o)
                              binaries/gpioin.o (__aeabi_ui2d)
../cross_compiler/lib/gcc/arm-none-eabi/4.8.1//libgcc.a(_arm_muldivdf3.o)
                              binaries/doprnt.o (__aeabi_dmul)
../cross_compiler/lib/gcc/arm-none-eabi/4.8.1//libgcc.a(_arm_cmpdf2.o)
                              binaries/doprnt.o (__aeabi_dcmplt)
../cross_compiler/lib/gcc/arm-none-eabi/4.8.1//libgcc.a(_arm_fixdfsi.o)
                              binaries/doprnt.o (__aeabi_d2iz)

Allocating common symbols
Common symbol       size              file

netbufpool          0x4               binaries/net.o
readylist           0x2               binaries/ready.o
rfltab              0x5a0             binaries/rflinit.o
netportseed         0x4               binaries/net.o
sleepq              0x2               binaries/clkinit.o
intc_vector         0x200             binaries/evec.o
nnames              0x4               binaries/naminit.o
udptab              0x168             binaries/udp.o
minheap             0x4               binaries/meminit.o
marks               0x50              binaries/mark.o
currpid             0x4               binaries/initialize.o
topicstab           0x5fa0            binaries/initialize.o
Lf_data             0x20c             binaries/lfsinit.o
porttab             0x2d0             binaries/ptinit.o
ttytab              0x110             binaries/ttyinit.o
proctab             0x1c20            binaries/initialize.o
printsem            0x4               binaries/initialize.o
eth_a_regs          0x1c              binaries/ethinit.o
prcount             0x4               binaries/initialize.o
PPUBLISH_ID         0x4               binaries/initialize.o
lfltab              0xf00             binaries/lflinit.o
rdstab              0x8c              binaries/rdsinit.o
ethertab            0x138             binaries/ethinit.o
NetData             0xb0              binaries/net.o
clktime_ms          0x4               binaries/clkinit.o
nmarks              0x4               binaries/mark.o
iottab              0x1d0             binaries/ascdate.o
Defer               0x8               binaries/resched.o
semtab              0x4b0             binaries/initialize.o
maxheap             0x4               binaries/meminit.o
preempt             0x4               binaries/clkinit.o
buftab              0xf0              binaries/bufinit.o
Rf_data             0x18              binaries/rfsinit.o
mkmutex             0x4               binaries/mark.o
INBOX_ID            0x4               binaries/initialize.o
clktime             0x4               binaries/clkinit.o
arpcache            0x140             binaries/arp.o
icmptab             0x230             binaries/icmp.o
nbpools             0x4               binaries/bufinit.o
psem                0x4               binaries/main.o
queuetab            0x980             binaries/queue.o
ptnextid            0x4               binaries/ptinit.o
Ram                 0x19000           binaries/raminit.o
ipoqueue            0x2c              binaries/ip.o
memlist             0x8               binaries/initialize.o
nametab             0x19a0            binaries/naminit.o
ptfree              0x4               binaries/ptinit.o

Memory Configuration

Name             Origin             Length             Attributes
*default*        0x00000000         0xffffffff

Linker script and memory map

                0x81000000                physbase = 0x81000000
                0x81000000                . = physbase
                0x81000000                . = ALIGN (0x1000)

.text           0x81000000    0x17000
                0x81000000                text = ABSOLUTE (.)
 *(.text .text.*)
 .text          0x81000000       0x4c binaries/start.o
                0x81000000                start
 .text          0x8100004c      0x33c binaries/ascdate.o
                0x8100004c                ascdate
 .text          0x81000388       0x18 binaries/bufinit.o
                0x81000388                bufinit
 .text          0x810003a0       0x54 binaries/button.o
                0x810003a0                button_status
                0x810003bc                if_pressed
                0x810003d8                virtual_button_press
 .text          0x810003f4       0x68 binaries/chprio.o
                0x810003f4                chprio
 .text          0x8100045c      0x104 binaries/clkhandler.o
                0x8100045c                clkhandler
 .text          0x81000560       0xe0 binaries/clkinit.o
                0x81000560                clkinit
 .text          0x81000640       0x50 binaries/close.o
                0x81000640                close
 .text          0x81000690        0x0 binaries/conf.o
 .text          0x81000690       0x68 binaries/control.o
                0x81000690                control
 .text          0x810006f8      0x2cc binaries/create.o
                0x810006f8                create
 .text          0x810009c4       0xb0 binaries/evec.o
                0x810009c4                initintc
                0x810009f0                set_evec
                0x81000a30                irq_dispatch
 .text          0x81000a74       0x10 binaries/exit.o
                0x81000a74                exit
 .text          0x81000a84       0x7c binaries/freebuf.o
                0x81000a84                freebuf
 .text          0x81000b00      0x148 binaries/freemem.o
                0x81000b00                freemem
 .text          0x81000c48       0x78 binaries/getbuf.o
                0x81000c48                getbuf
 .text          0x81000cc0       0x50 binaries/getc.o
                0x81000cc0                getc
 .text          0x81000d10       0x68 binaries/getdev.o
                0x81000d10                getdev
 .text          0x81000d78       0xa0 binaries/getitem.o
                0x81000d78                getitem
                0x81000da8                getfirst
                0x81000ddc                getlast
 .text          0x81000e18      0x108 binaries/getmem.o
                0x81000e18                getmem
 .text          0x81000f20       0x10 binaries/getpid.o
                0x81000f20                getpid
 .text          0x81000f30       0x5c binaries/getprio.o
                0x81000f30                getprio
 .text          0x81000f8c       0xc8 binaries/getstk.o
                0x81000f8c                getstk
 .text          0x81001054        0x8 binaries/getticks.o
                0x81001054                getticks
 .text          0x8100105c       0x38 binaries/gettime.o
                0x8100105c                gettime
 .text          0x81001094      0x1f4 binaries/getutime.o
                0x81001094                getutime
 .text          0x81001288       0x64 binaries/gpioan.o
                0x81001288                gpioangetc
                0x810012ac                gpioanputc
                0x810012c8                gpioaninit
 .text          0x810012ec       0xa4 binaries/gpioin.o
                0x810012ec                gpioingetc
                0x81001334                gpioinputc
                0x8100135c                gpioininit
 .text          0x81001390       0xa8 binaries/gpioout.o
                0x81001390                gpiooutgetc
                0x810013d8                gpiooutputc
                0x81001400                gpiooutinit
 .text          0x81001438       0x50 binaries/init.o
                0x81001438                init
 .text          0x81001488      0x688 binaries/initialize.o
                0x810014ec                nulluser
                0x81001804                stop
                0x81001828                delay
                0x81001864                get_next_pending_publish
                0x81001880                broker
 .text          0x81001b10       0xd0 binaries/insert.o
                0x81001b10                insert
 .text          0x81001be0      0x134 binaries/insertd.o
                0x81001be0                insertd
 .text          0x81001d14        0x8 binaries/ioerr.o
                0x81001d14                ioerr
 .text          0x81001d1c        0x8 binaries/ionull.o
                0x81001d1c                ionull
 .text          0x81001d24      0x158 binaries/kill.o
                0x81001d24                kill
 .text          0x81001e7c       0xd0 binaries/kprintf.o
                0x81001e7c                kputc
                0x81001ecc                kgetc
                0x81001f0c                kprintf
 .text          0x81001f4c       0x5c binaries/led.o
                0x81001f4c                turn_light_on
                0x81001f6c                turn_light_off
                0x81001f8c                light_status
 .text          0x81001fa8      0x25c binaries/main.o
                0x81002124                main
 .text          0x81002204       0xd0 binaries/mark.o
                0x81002204                markinit
                0x81002230                mark
 .text          0x810022d4       0x48 binaries/meminit.o
                0x810022d4                meminit
 .text          0x8100231c      0x140 binaries/mkbufpool.o
                0x8100231c                mkbufpool
 .text          0x8100245c       0x7c binaries/newqueue.o
                0x8100245c                newqueue
 .text          0x810024d8       0x60 binaries/open.o
                0x810024d8                open
 .text          0x81002538       0x20 binaries/panic.o
                0x81002538                panic
 .text          0x81002558       0xac binaries/platinit.o
                0x81002558                counterinit
                0x81002570                platinit
 .text          0x81002604       0xa8 binaries/ptclear.o
                0x81002604                _ptclear
 .text          0x810026ac       0x78 binaries/ptcount.o
                0x810026ac                ptcount
 .text          0x81002724       0xdc binaries/ptcreate.o
                0x81002724                ptcreate
 .text          0x81002800       0x74 binaries/ptdelete.o
                0x81002800                ptdelete
 .text          0x81002874       0xbc binaries/ptinit.o
                0x81002874                ptinit
 .text          0x81002930       0xd0 binaries/ptrecv.o
                0x81002930                ptrecv
 .text          0x81002a00       0x68 binaries/ptreset.o
                0x81002a00                ptreset
 .text          0x81002a68       0xf4 binaries/ptsend.o
                0x81002a68                ptsend
 .text          0x81002b5c       0x58 binaries/putc.o
                0x81002b5c                putc
 .text          0x81002bb4       0xf4 binaries/queue.o
                0x81002bb4                enqueue
                0x81002c4c                dequeue
 .text          0x81002ca8       0x60 binaries/read.o
                0x81002ca8                read
 .text          0x81002d08       0x74 binaries/ready.o
                0x81002d08                ready
 .text          0x81002d7c      0x180 binaries/receive.o
                0x81002d7c                receive
                0x81002ddc                receiveMsg
                0x81002e94                receiveMsgs
 .text          0x81002efc       0x48 binaries/recvclr.o
                0x81002efc                recvclr
 .text          0x81002f44       0xb0 binaries/recvtime.o
                0x81002f44                recvtime
 .text          0x81002ff4      0x1ac binaries/resched.o
                0x81002ff4                resched
                0x810030e4                resched_cntl
 .text          0x810031a0       0x90 binaries/resume.o
                0x810031a0                resume
 .text          0x81003230       0x58 binaries/seek.o
                0x81003230                seek
 .text          0x81003288       0x58 binaries/semcount.o
                0x81003288                semcount
 .text          0x810032e0       0xb8 binaries/semcreate.o
                0x810032e0                semcreate
 .text          0x81003398       0xac binaries/semdelete.o
                0x81003398                semdelete
 .text          0x81003444       0xa4 binaries/semreset.o
                0x81003444                semreset
 .text          0x810034e8      0x84c binaries/send.o
                0x810034e8                send
                0x810035a8                sendMsg
                0x810036f8                sendMsgs
                0x810037f0                sendnMsg
                0x8100395c                subscribe
                0x81003ab4                unsubscribe
                0x81003bc0                publish
 .text          0x81003d34       0x80 binaries/signal.o
                0x81003d34                signal
 .text          0x81003db4       0xb0 binaries/signaln.o
                0x81003db4                signaln
 .text          0x81003e64       0xcc binaries/sleep.o
                0x81003e64                sleepms
                0x81003f00                sleep
 .text          0x81003f30       0xbc binaries/suspend.o
                0x81003f30                suspend
 .text          0x81003fec      0x190 binaries/temp.o
                0x81003fec                printHex
                0x81004030                readReg
                0x81004038                writeReg
                0x81004040                setReg
                0x81004090                clearReg
                0x810040a0                TestTemp
                0x81004154                gettemp
 .text          0x8100417c       0xb8 binaries/unsleep.o
                0x8100417c                unsleep
 .text          0x81004234       0x10 binaries/userret.o
                0x81004234                userret
 .text          0x81004244       0xac binaries/wait.o
                0x81004244                wait
 .text          0x810042f0       0xa0 binaries/wakeup.o
                0x810042f0                wakeup
 .text          0x81004390       0x60 binaries/write.o
                0x81004390                write
 .text          0x810043f0       0x18 binaries/xdone.o
                0x810043f0                xdone
 .text          0x81004408       0x20 binaries/yield.o
                0x81004408                yield
 .text          0x81004428        0xc binaries/abs.o
                0x81004428                abs
 .text          0x81004434      0x114 binaries/atoi.o
                0x81004434                atoi
 .text          0x81004548      0x114 binaries/atol.o
                0x81004548                atol
 .text          0x8100465c       0x20 binaries/bzero.o
                0x8100465c                bzero
 .text          0x8100467c        0x0 binaries/ctype_.o
 .text          0x8100467c      0xa34 binaries/doprnt.o
                0x8100489c                _doprnt
 .text          0x810050b0      0x704 binaries/doscan.o
                0x810050b0                _doscan
 .text          0x810057b4      0x898 binaries/fdoprnt.o
                0x81005860                _fdoprnt
 .text          0x8100604c       0x14 binaries/fgetc.o
                0x8100604c                fgetc
 .text          0x81006060       0x84 binaries/fgets.o
                0x81006060                fgets
 .text          0x810060e4       0x3c binaries/fprintf.o
                0x810060e4                fprintf
 .text          0x81006120       0x24 binaries/fputc.o
                0x81006120                fputc
 .text          0x81006144       0x38 binaries/fputs.o
                0x81006144                fputs
 .text          0x8100617c       0x78 binaries/fscanf.o
                0x810061b0                fscanf
 .text          0x810061f4       0x2c binaries/getchar.o
                0x810061f4                getchar
 .text          0x81006220        0xc binaries/labs.o
                0x81006220                labs
 .text          0x8100622c        0x0 binaries/memchr.o
 .text          0x8100622c       0x60 binaries/memcmp.o
                0x8100622c                memcmp
 .text          0x8100628c       0x24 binaries/memcpy.o
                0x8100628c                memcpy
 .text          0x810062b0       0x20 binaries/memset.o
                0x810062b0                memset
 .text          0x810062d0       0x58 binaries/printf.o
                0x810062d0                printf
 .text          0x81006328       0x2c binaries/putchar.o
                0x81006328                putchar
 .text          0x81006354      0x254 binaries/qsort.o
                0x81006588                qsort
 .text          0x810065a8       0x7c binaries/rand.o
                0x810065a8                rand
                0x810065e0                rand_r
                0x81006614                srand
 .text          0x81006624       0x68 binaries/sprintf.o
                0x8100663c                sprintf
 .text          0x8100668c       0x78 binaries/sscanf.o
                0x810066c0                sscanf
 .text          0x81006704       0x48 binaries/strchr.o
                0x81006704                strchr
 .text          0x8100674c       0x54 binaries/strcmp.o
                0x8100674c                strcmp
 .text          0x810067a0       0x18 binaries/strcpy.o
                0x810067a0                strcpy
 .text          0x810067b8       0x30 binaries/strlen.o
                0x810067b8                strlen
 .text          0x810067e8       0x50 binaries/strncat.o
                0x810067e8                strncat
 .text          0x81006838       0x54 binaries/strncmp.o
                0x81006838                strncmp
 .text          0x8100688c       0x80 binaries/strncpy.o
                0x8100688c                strncpy
 .text          0x8100690c       0x48 binaries/strnlen.o
                0x8100690c                strnlen
 .text          0x81006954       0x58 binaries/strrchr.o
                0x81006954                strrchr
 .text          0x810069ac       0xb0 binaries/strstr.o
                0x810069ac                strstr
 .text          0x81006a5c       0xc8 binaries/ttycontrol.o
                0x81006a5c                ttycontrol
 .text          0x81006b24       0x6c binaries/ttygetc.o
                0x81006b24                ttygetc
 .text          0x81006b90      0x4d8 binaries/ttyhandle_in.o
                0x81006c5c                ttyhandle_in
 .text          0x81007068      0x14c binaries/ttyhandle_out.o
                0x81007068                ttyhandle_out
 .text          0x810071b4       0xc8 binaries/ttyhandler.o
                0x810071b4                ttyhandler
 .text          0x8100727c      0x120 binaries/ttyinit.o
                0x8100727c                ttyinit
 .text          0x8100739c        0xc binaries/ttykickout.o
                0x8100739c                ttykickout
 .text          0x810073a8       0x78 binaries/ttyputc.o
                0x810073a8                ttyputc
 .text          0x81007420      0x110 binaries/ttyread.o
                0x81007420                ttyread
 .text          0x81007530       0x4c binaries/ttywrite.o
                0x81007530                ttywrite
 .text          0x8100757c      0x134 binaries/mount.o
                0x8100757c                namlen
                0x810075d0                mount
 .text          0x810076b0      0x1c8 binaries/naminit.o
                0x810076b0                naminit
 .text          0x81007878      0x240 binaries/nammap.o
                0x81007878                namrepl
                0x810079b0                namcpy
                0x81007a0c                nammap
 .text          0x81007ab8       0x40 binaries/namopen.o
                0x81007ab8                namopen
 .text          0x81007af8       0x40 binaries/ethcontrol.o
                0x81007af8                ethcontrol
 .text          0x81007b38      0x178 binaries/ethhandler.o
                0x81007b38                ethhandler
 .text          0x81007cb0      0x734 binaries/ethinit.o
                0x81007cb0                eth_phy_read
                0x81007d20                eth_phy_write
                0x81007d78                eth_phy_reset
                0x81007ee8                ethinit
 .text          0x810083e4       0xd8 binaries/ethread.o
                0x810083e4                ethread
 .text          0x810084bc       0xf0 binaries/ethwrite.o
                0x810084bc                ethwrite
 .text          0x810085ac       0x90 binaries/rdsbufalloc.o
                0x810085ac                rdsbufalloc
 .text          0x8100863c       0xa0 binaries/rdsclose.o
                0x8100863c                rdsclose
 .text          0x810086dc      0x20c binaries/rdscomm.o
                0x810086dc                rdscomm
 .text          0x810088e8      0x1a0 binaries/rdscontrol.o
                0x810088e8                rdscontrol
 .text          0x81008a88      0x180 binaries/rdsinit.o
                0x81008a88                rdsinit
 .text          0x81008c08      0x134 binaries/rdsopen.o
                0x81008c08                rdsopen
 .text          0x81008d3c      0x304 binaries/rdsprocess.o
                0x81008d3c                rdsprocess
 .text          0x81009040      0x210 binaries/rdsread.o
                0x81009040                rdsread
 .text          0x81009250      0x184 binaries/rdswrite.o
                0x81009250                rdswrite
 .text          0x810093d4        0x8 binaries/ramclose.o
                0x810093d4                ramclose
 .text          0x810093dc       0x3c binaries/raminit.o
                0x810093dc                raminit
 .text          0x81009418        0x8 binaries/ramopen.o
                0x81009418                ramopen
 .text          0x81009420       0x24 binaries/ramread.o
                0x81009420                ramread
 .text          0x81009444       0x20 binaries/ramwrite.o
                0x81009444                ramwrite
 .text          0x81009464       0x94 binaries/lfdballoc.o
                0x81009464                lfdballoc
 .text          0x810094f8       0x4c binaries/lfdbfree.o
                0x810094f8                lfdbfree
 .text          0x81009544       0xb8 binaries/lfflush.o
                0x81009544                lfflush
 .text          0x810095fc       0xc8 binaries/lfgetmode.o
                0x810095fc                lfgetmode
 .text          0x810096c4       0x6c binaries/lfiballoc.o
                0x810096c4                lfiballoc
 .text          0x81009730       0x30 binaries/lfibclear.o
                0x81009730                lfibclear
 .text          0x81009760       0x64 binaries/lfibget.o
                0x81009760                lfibget
 .text          0x810097c4       0x8c binaries/lfibput.o
                0x810097c4                lfibput
 .text          0x81009850       0x84 binaries/lflclose.o
                0x81009850                lflclose
 .text          0x810098d4       0xa0 binaries/lflcontrol.o
                0x810098d4                lflcontrol
 .text          0x81009974       0xa8 binaries/lflgetc.o
                0x81009974                lflgetc
 .text          0x81009a1c       0xa8 binaries/lflinit.o
                0x81009a1c                lflinit
 .text          0x81009ac4       0xdc binaries/lflputc.o
                0x81009ac4                lflputc
 .text          0x81009ba0       0x78 binaries/lflread.o
                0x81009ba0                lflread
 .text          0x81009c18       0x80 binaries/lflseek.o
                0x81009c18                lflseek
 .text          0x81009c98       0x5c binaries/lflwrite.o
                0x81009c98                lflwrite
 .text          0x81009cf4       0xa0 binaries/lfscheck.o
                0x81009cf4                lfscheck
 .text          0x81009d94      0x144 binaries/lfsckfmt.o
                0x81009d94                lfsckfmt
 .text          0x81009ed8      0x15c binaries/lfscreate.o
                0x81009ed8                lfscreate
 .text          0x8100a034      0x1f0 binaries/lfsetup.o
                0x8100a034                lfsetup
 .text          0x8100a224       0x44 binaries/lfsinit.o
                0x8100a224                lfsinit
 .text          0x8100a268      0x358 binaries/lfsopen.o
                0x8100a268                lfsopen
 .text          0x8100a5c0      0x108 binaries/lftruncate.o
                0x8100a5c0                lftruncate
 .text          0x8100a6c8       0x70 binaries/rflclose.o
                0x8100a6c8                rflclose
 .text          0x8100a738       0x28 binaries/rflgetc.o
                0x8100a738                rflgetc
 .text          0x8100a760       0x54 binaries/rflinit.o
                0x8100a760                rflinit
 .text          0x8100a7b4       0x30 binaries/rflputc.o
                0x8100a7b4                rflputc
 .text          0x8100a7e4      0x28c binaries/rflread.o
                0x8100a7e4                rflread
 .text          0x8100aa70       0x74 binaries/rflseek.o
                0x8100aa70                rflseek
 .text          0x8100aae4      0x2c8 binaries/rflwrite.o
                0x8100aae4                rflwrite
 .text          0x8100adac      0x198 binaries/rfscomm.o
                0x8100adac                rfscomm
 .text          0x8100af44      0x224 binaries/rfscontrol.o
                0x8100af44                rfscontrol
 .text          0x8100b168       0xc8 binaries/rfsgetmode.o
                0x8100b168                rfsgetmode
 .text          0x8100b230       0x84 binaries/rfsinit.o
                0x8100b230                rfsinit
 .text          0x8100b2b4       0xa4 binaries/rfsndmsg.o
                0x8100b2b4                rfsndmsg
 .text          0x8100b358      0x22c binaries/rfsopen.o
                0x8100b358                rfsopen
 .text          0x8100b584       0x8c binaries/spicontrol.o
                0x8100b584                spicontrol
 .text          0x8100b610       0xa8 binaries/spiinit.o
                0x8100b610                spiinit
 .text          0x8100b6b8       0x9c binaries/tempinit.o
                0x8100b6b8                tempinit
 .text          0x8100b754       0x10 binaries/tempread.o
                0x8100b754                tempread
 .text          0x8100b764      0x714 binaries/arp.o
                0x8100b764                arp_init
                0x8100b784                arp_alloc
                0x8100b858                arp_ntoh
                0x8100b8fc                arp_hton
                0x8100b9a0                arp_resolve
                0x8100bc04                arp_in
 .text          0x8100be78      0x6b0 binaries/dhcp.o
                0x8100be78                dhcp_get_opt_val
                0x8100bed8                dhcp_bld_bootp_msg
                0x8100bfd0                dhcp_bld_disc
                0x8100c024                dhcp_bld_req
                0x8100c0e8                getlocalip
 .text          0x8100c528      0x56c binaries/dns.o
                0x8100c610                dnslookup
 .text          0x8100ca94      0x120 binaries/dot2ip.o
                0x8100ca94                dot2ip
 .text          0x8100cbb4      0x33c binaries/hexdump.o
                0x8100cbb4                hexdump
                0x8100cd14                hexadump
 .text          0x8100cef0      0x660 binaries/icmp.o
                0x8100cef0                icmp_init
                0x8100cf14                icmp_register
                0x8100cfd0                icmp_recv
                0x8100d120                icmp_mkpkt
                0x8100d210                icmp_in
                0x8100d35c                icmp_send
                0x8100d3cc                icmp_release
                0x8100d488                icmp_cksum
                0x8100d4e8                icmp_hton
                0x8100d51c                icmp_ntoh
 .text          0x8100d550      0x674 binaries/ip.o
                0x8100d550                ip_local
                0x8100d580                ipcksum
                0x8100d5c4                ip_ntoh
                0x8100d668                ip_in
                0x8100d7a4                ip_hton
                0x8100d848                ip_out
                0x8100d8fc                ip_send
                0x8100da2c                ipout
                0x8100db28                ip_enqueue
 .text          0x8100dbc4      0x228 binaries/net.o
                0x8100dbc4                net_init
                0x8100dccc                eth_hton
                0x8100dce0                eth_ntoh
                0x8100dcf4                netin
                0x8100dd9c                getport
 .text          0x8100ddec      0x9dc binaries/pdump.o
                0x8100ddec                pdump
                0x8100e378                pdumph
 .text          0x8100e7c8      0x56c binaries/tftp.o
                0x8100e7c8                tftp_send1
                0x8100e8b4                tftpget_mb
                0x8100ed00                tftpget
 .text          0x8100ed34      0x890 binaries/udp.o
                0x8100ed34                udp_init
                0x8100ed5c                udp_in
                0x8100ee48                udp_register
                0x8100ef44                udp_recv
                0x8100f078                udp_recvaddr
                0x8100f1c8                udp_send
                0x8100f340                udp_sendto
                0x8100f4a0                udp_release
                0x8100f55c                udp_ntoh
                0x8100f590                udp_hton
 .text          0x8100f5c4      0x120 binaries/addargs.o
                0x8100f5c4                addargs
 .text          0x8100f6e4      0x2b4 binaries/lexan.o
                0x8100f6e4                lexan
 .text          0x8100f998      0x6ac binaries/shell.o
                0x8100f998                shell
 .text          0x81010044       0x64 binaries/xsh_argecho.o
                0x81010044                xsh_argecho
 .text          0x810100a8      0x1f8 binaries/xsh_arp.o
                0x810100a8                xsh_arp
 .text          0x810102a0      0x23c binaries/xsh_cat.o
                0x810102a0                xsh_cat
 .text          0x810104dc       0x5c binaries/xsh_clear.o
                0x810104dc                xsh_clear
 .text          0x81010538      0x29c binaries/xsh_date.o
                0x81010538                xsh_date
 .text          0x810107d4       0x98 binaries/xsh_devdump.o
                0x810107d4                xsh_devdump
 .text          0x8101086c       0x68 binaries/xsh_echo.o
                0x8101086c                xsh_echo
 .text          0x810108d4        0x8 binaries/xsh_exit.o
                0x810108d4                xsh_exit
 .text          0x810108dc      0x3d0 binaries/xsh_help.o
                0x810108dc                xsh_help
 .text          0x81010cac      0x1f8 binaries/xsh_kill.o
                0x81010cac                xsh_kill
 .text          0x81010ea4      0x490 binaries/xsh_memdump.o
                0x81010fa0                xsh_memdump
 .text          0x81011334      0x224 binaries/xsh_memstat.o
                0x81011334                xsh_memstat
 .text          0x81011558      0x3fc binaries/xsh_netinfo.o
                0x81011558                xsh_netinfo
 .text          0x81011954      0x3b0 binaries/xsh_ping.o
                0x81011954                xsh_ping
 .text          0x81011d04      0x220 binaries/xsh_ps.o
                0x81011d04                xsh_ps
 .text          0x81011f24      0x1cc binaries/xsh_sleep.o
                0x81011f24                xsh_sleep
 .text          0x810120f0      0x244 binaries/xsh_udpdump.o
                0x810120f0                xsh_udpdump
 .text          0x81012334      0x400 binaries/xsh_udpecho.o
                0x81012334                xsh_udpecho
 .text          0x81012734      0x254 binaries/xsh_udpserver.o
                0x81012734                xsh_udpeserver
 .text          0x81012988      0x1ac binaries/xsh_uptime.o
                0x81012988                xsh_uptime
 .text          0x81012b34       0x2c binaries/ctxsw.o
                0x81012b34                ctxsw
 .text          0x81012b60      0x100 binaries/intr.o
                0x81012b60                disable
                0x81012b6c                restore
                0x81012b90                enable
                0x81012b98                pause
                0x81012b98                halt
                0x81012ba0                irq_except
                0x81012bd0                initevec
                0x81012c30                expjmpinstr
 .text          0x81012c60      0x114 ../cross_compiler/lib/gcc/arm-none-eabi/4.8.1//libgcc.a(_udivsi3.o)
                0x81012c60                __udivsi3
                0x81012c60                __aeabi_uidiv
                0x81012d54                __aeabi_uidivmod
 .text          0x81012d74      0x148 ../cross_compiler/lib/gcc/arm-none-eabi/4.8.1//libgcc.a(_divsi3.o)
                0x81012d74                __aeabi_idiv
                0x81012d74                __divsi3
                0x81012e9c                __aeabi_idivmod
 .text          0x81012ebc        0x4 ../cross_compiler/lib/gcc/arm-none-eabi/4.8.1//libgcc.a(_dvmd_tls.o)
                0x81012ebc                __aeabi_ldiv0
                0x81012ebc                __aeabi_idiv0
 .text          0x81012ec0      0x41c ../cross_compiler/lib/gcc/arm-none-eabi/4.8.1//libgcc.a(_arm_addsubdf3.o)
                0x81012ec0                __aeabi_drsub
                0x81012ec8                __aeabi_dsub
                0x81012ec8                __subdf3
                0x81012ecc                __adddf3
                0x81012ecc                __aeabi_dadd
                0x810131dc                __aeabi_ui2d
                0x810131dc                __floatunsidf
                0x81013200                __floatsidf
                0x81013200                __aeabi_i2d
                0x81013228                __extendsfdf2
                0x81013228                __aeabi_f2d
                0x81013268                __aeabi_ul2d
                0x81013268                __floatundidf
                0x8101327c                __floatdidf
                0x8101327c                __aeabi_l2d
 .text          0x810132dc      0x49c ../cross_compiler/lib/gcc/arm-none-eabi/4.8.1//libgcc.a(_arm_muldivdf3.o)
                0x810132dc                __aeabi_dmul
                0x810132dc                __muldf3
                0x8101356c                __aeabi_ddiv
                0x8101356c                __divdf3
 .text          0x81013778      0x144 ../cross_compiler/lib/gcc/arm-none-eabi/4.8.1//libgcc.a(_arm_cmpdf2.o)
                0x81013778                __gtdf2
                0x81013778                __gedf2
                0x81013780                __ltdf2
                0x81013780                __ledf2
                0x81013788                __cmpdf2
                0x81013788                __eqdf2
                0x81013788                __nedf2
                0x81013810                __aeabi_cdrcmple
                0x8101382c                __aeabi_cdcmple
                0x8101382c                __aeabi_cdcmpeq
                0x81013844                __aeabi_dcmpeq
                0x8101385c                __aeabi_dcmplt
                0x81013874                __aeabi_dcmple
                0x8101388c                __aeabi_dcmpge
                0x810138a4                __aeabi_dcmpgt
 .text          0x810138bc       0x5c ../cross_compiler/lib/gcc/arm-none-eabi/4.8.1//libgcc.a(_arm_fixdfsi.o)
                0x810138bc                __fixdfsi
                0x810138bc                __aeabi_d2iz
 *(.rodata .rodata.*)
 .rodata.str1.4
                0x81013918       0x78 binaries/ascdate.o
 .rodata.str1.4
                0x81013990       0xed binaries/conf.o
                                 0xf0 (size before relaxing)
 *fill*         0x81013a7d        0x3 
 .rodata.str1.4
                0x81013a80       0x61 binaries/getutime.o
                                 0x64 (size before relaxing)
 *fill*         0x81013ae1        0x3 
 .rodata.str1.4
                0x81013ae4      0x1b3 binaries/initialize.o
                                0x1b8 (size before relaxing)
 *fill*         0x81013c97        0x1 
 .rodata.str1.4
                0x81013c98       0x89 binaries/main.o
                                 0x8c (size before relaxing)
 *fill*         0x81013d21        0x3 
 .rodata.str1.4
                0x81013d24        0xf binaries/panic.o
                                 0x10 (size before relaxing)
 *fill*         0x81013d33        0x1 
 .rodata.str1.4
                0x81013d34       0x1d binaries/ptinit.o
                                 0x20 (size before relaxing)
 *fill*         0x81013d51        0x3 
 .rodata.str1.4
                0x81013d54       0x25 binaries/ptsend.o
                                 0x28 (size before relaxing)
 *fill*         0x81013d79        0x3 
 .rodata.str1.4
                0x81013d7c       0x1b binaries/receive.o
                                 0x1c (size before relaxing)
 *fill*         0x81013d97        0x1 
 .rodata.str1.4
                0x81013d98      0x1a9 binaries/send.o
                                0x1ac (size before relaxing)
 *fill*         0x81013f41        0x3 
 .rodata.str1.4
                0x81013f44       0x6b binaries/temp.o
                                 0x74 (size before relaxing)
 *fill*         0x81013faf        0x1 
 .rodata.str1.4
                0x81013fb0       0x27 binaries/xdone.o
                                 0x28 (size before relaxing)
 *fill*         0x81013fd7        0x1 
 .rodata        0x81013fd8       0x84 binaries/ctype_.o
                0x81013fd8                _ctype_
 .rodata.str1.4
                0x8101405c       0x2f binaries/doprnt.o
                                 0x30 (size before relaxing)
 .rodata.str1.4
                0x00000000       0x30 binaries/fdoprnt.o
 *fill*         0x8101408b        0x1 
 .rodata.str1.4
                0x8101408c       0x86 binaries/naminit.o
                                 0x90 (size before relaxing)
 *fill*         0x81014112        0x2 
 .rodata.str1.4
                0x81014114       0xe5 binaries/ethinit.o
                                 0xe8 (size before relaxing)
 *fill*         0x810141f9        0x3 
 .rodata.str1.4
                0x810141fc       0x12 binaries/ethread.o
                                 0x14 (size before relaxing)
 *fill*         0x8101420e        0x2 
 .rodata.str1.4
                0x81014210       0x2c binaries/rdsbufalloc.o
 .rodata.str1.4
                0x8101423c       0x76 binaries/rdscomm.o
                                 0x78 (size before relaxing)
 *fill*         0x810142b2        0x2 
 .rodata.str1.4
                0x810142b4       0x48 binaries/rdscontrol.o
 .rodata.str1.4
                0x810142fc       0x96 binaries/rdsinit.o
                                 0x98 (size before relaxing)
 *fill*         0x81014392        0x2 
 .rodata.str1.4
                0x81014394       0x22 binaries/rdsopen.o
                                 0x24 (size before relaxing)
 *fill*         0x810143b6        0x2 
 .rodata.str1.4
                0x810143b8       0x4d binaries/rdsprocess.o
                                 0x50 (size before relaxing)
 *fill*         0x81014405        0x3 
 .rodata.str1.4
                0x81014408        0x9 binaries/raminit.o
                                  0xc (size before relaxing)
 *fill*         0x81014411        0x3 
 .rodata.str1.4
                0x81014414       0x37 binaries/lfdballoc.o
                                 0x38 (size before relaxing)
 *fill*         0x8101444b        0x1 
 .rodata.str1.4
                0x8101444c       0x14 binaries/lfiballoc.o
 .rodata.str1.4
                0x81014460       0x23 binaries/lflcontrol.o
                                 0x24 (size before relaxing)
 *fill*         0x81014483        0x1 
 .rodata.str1.4
                0x81014484      0x11f binaries/lfsckfmt.o
                                0x120 (size before relaxing)
 *fill*         0x810145a3        0x1 
 .rodata.str1.4
                0x810145a4       0x2a binaries/lfsopen.o
                                 0x2c (size before relaxing)
 *fill*         0x810145ce        0x2 
 .rodata.str1.4
                0x810145d0       0x21 binaries/rflread.o
                                 0x24 (size before relaxing)
 .rodata.str1.4
                0x00000000       0x24 binaries/rflwrite.o
 *fill*         0x810145f1        0x3 
 .rodata.str1.4
                0x810145f4       0x75 binaries/rfscomm.o
                                 0x78 (size before relaxing)
 *fill*         0x81014669        0x3 
 .rodata.str1.4
                0x8101466c       0x23 binaries/rfscontrol.o
                                 0x24 (size before relaxing)
 *fill*         0x8101468f        0x1 
 .rodata.str1.4
                0x81014690       0x63 binaries/rfsinit.o
                                 0x64 (size before relaxing)
 *fill*         0x810146f3        0x1 
 .rodata.str1.4
                0x810146f4       0x2a binaries/rfsndmsg.o
                                 0x2c (size before relaxing)
 .rodata.str1.4
                0x00000000       0x24 binaries/rfsopen.o
 *fill*         0x8101471e        0x2 
 .rodata.str1.4
                0x81014720       0x55 binaries/tempinit.o
                                 0x58 (size before relaxing)
 *fill*         0x81014775        0x3 
 .rodata.str1.4
                0x81014778       0x3d binaries/arp.o
                                 0x40 (size before relaxing)
 *fill*         0x810147b5        0x3 
 .rodata.str1.4
                0x810147b8       0xd3 binaries/dhcp.o
                                 0xd4 (size before relaxing)
 *fill*         0x8101488b        0x1 
 .rodata.str1.4
                0x8101488c       0x1a binaries/dns.o
                                 0x1c (size before relaxing)
 *fill*         0x810148a6        0x2 
 .rodata.str1.4
                0x810148a8       0xca binaries/hexdump.o
                                 0xd8 (size before relaxing)
 *fill*         0x81014972        0x2 
 .rodata.str1.4
                0x81014974       0x29 binaries/icmp.o
                                 0x2c (size before relaxing)
 *fill*         0x8101499d        0x3 
 .rodata.str1.4
                0x810149a0       0x6e binaries/ip.o
                                 0x70 (size before relaxing)
 *fill*         0x81014a0e        0x2 
 .rodata.str1.4
                0x81014a10       0x53 binaries/net.o
                                 0x54 (size before relaxing)
 *fill*         0x81014a63        0x1 
 .rodata.str1.4
                0x81014a64      0x292 binaries/pdump.o
                                0x298 (size before relaxing)
 *fill*         0x81014cf6        0x2 
 .rodata.str1.4
                0x81014cf8      0x154 binaries/tftp.o
                                0x158 (size before relaxing)
 .rodata        0x81014e4c       0xfc binaries/shell.o
                0x81014e4c                cmdtab
 .rodata.str1.4
                0x81014f48      0x2e6 binaries/shell.o
                                0x2f0 (size before relaxing)
 *fill*         0x8101522e        0x2 
 .rodata.str1.4
                0x81015230       0x29 binaries/xsh_argecho.o
                                 0x30 (size before relaxing)
 *fill*         0x81015259        0x3 
 .rodata.str1.4
                0x8101525c      0x13e binaries/xsh_arp.o
                                0x144 (size before relaxing)
 *fill*         0x8101539a        0x2 
 .rodata.str1.4
                0x8101539c       0x81 binaries/xsh_cat.o
                                 0xd4 (size before relaxing)
 *fill*         0x8101541d        0x3 
 .rodata.str1.4
                0x81015420       0x19 binaries/xsh_clear.o
                                 0x1c (size before relaxing)
 *fill*         0x81015439        0x3 
 .rodata.str1.4
                0x8101543c      0x1af binaries/xsh_date.o
                                0x1cc (size before relaxing)
 *fill*         0x810155eb        0x1 
 .rodata.str1.4
                0x810155ec       0x61 binaries/xsh_devdump.o
                                 0x64 (size before relaxing)
 *fill*         0x8101564d        0x3 
 .rodata.str1.4
                0x81015650        0x8 binaries/xsh_echo.o
                                  0xc (size before relaxing)
 .rodata.str1.4
                0x81015658       0xe7 binaries/xsh_help.o
                                0x17c (size before relaxing)
 *fill*         0x8101573f        0x1 
 .rodata.str1.4
                0x81015740       0xc8 binaries/xsh_kill.o
                                0x138 (size before relaxing)
 .rodata.str1.4
                0x81015808      0x226 binaries/xsh_memdump.o
                                0x27c (size before relaxing)
 *fill*         0x81015a2e        0x2 
 .rodata.str1.4
                0x81015a30      0x1cc binaries/xsh_memstat.o
                                0x234 (size before relaxing)
 .rodata.str1.4
                0x81015bfc      0x11b binaries/xsh_netinfo.o
                                0x1cc (size before relaxing)
 *fill*         0x81015d17        0x1 
 .rodata.str1.4
                0x81015d18      0x13f binaries/xsh_ping.o
                                0x1b4 (size before relaxing)
 *fill*         0x81015e57        0x1 
 .rodata        0x81015e58       0x20 binaries/xsh_ps.o
 .rodata.str1.4
                0x81015e78      0x11a binaries/xsh_ps.o
                                0x1d4 (size before relaxing)
 *fill*         0x81015f92        0x2 
 .rodata.str1.4
                0x81015f94       0x5e binaries/xsh_sleep.o
                                 0xf8 (size before relaxing)
 *fill*         0x81015ff2        0x2 
 .rodata        0x81015ff4        0xc binaries/xsh_udpdump.o
 .rodata.str1.4
                0x81016000      0x122 binaries/xsh_udpdump.o
                                0x1e0 (size before relaxing)
 *fill*         0x81016122        0x2 
 .rodata.str1.4
                0x81016124      0x1ae binaries/xsh_udpecho.o
                                0x224 (size before relaxing)
 *fill*         0x810162d2        0x2 
 .rodata.str1.4
                0x810162d4       0x97 binaries/xsh_udpserver.o
                                0x13c (size before relaxing)
 *fill*         0x8101636b        0x1 
 .rodata.str1.4
                0x8101636c       0x78 binaries/xsh_uptime.o
                                0x114 (size before relaxing)
                0x810163e4                etext = ABSOLUTE (.)
                0x81017000                . = ALIGN (0x1000)
 *fill*         0x810163e4      0xc1c 

.glue_7         0x81017000        0x0
 .glue_7        0x00000000        0x0 linker stubs

.glue_7t        0x81017000        0x0
 .glue_7t       0x00000000        0x0 linker stubs

.vfp11_veneer   0x81017000        0x0
 .vfp11_veneer  0x00000000        0x0 linker stubs

.v4_bx          0x81017000        0x0
 .v4_bx         0x00000000        0x0 linker stubs

.iplt           0x81017000        0x0
 .iplt          0x00000000        0x0 binaries/start.o

.rel.dyn        0x81017000        0x0
 .rel.iplt      0x00000000        0x0 binaries/start.o

.data           0x81017000     0x1000
                0x81017000                data = ABSOLUTE (.)
 *(.data .data.*)
 .data          0x81017000        0x0 binaries/start.o
 .data          0x81017000       0x88 binaries/ascdate.o
                0x81017000                Date
 .data          0x81017088        0x0 binaries/bufinit.o
 .data          0x81017088        0x0 binaries/button.o
 .data          0x81017088        0x0 binaries/chprio.o
 .data          0x81017088        0x4 binaries/clkhandler.o
 .data          0x8101708c        0x0 binaries/clkinit.o
 .data          0x8101708c        0x0 binaries/close.o
 .data          0x8101708c      0x6cc binaries/conf.o
                0x8101708c                devtab
 .data          0x81017758        0x0 binaries/control.o
 .data          0x81017758        0x4 binaries/create.o
 .data          0x8101775c       0x40 binaries/evec.o
                0x8101775c                expmsg2
                0x81017770                expmsg1
 .data          0x8101779c        0x0 binaries/exit.o
 .data          0x8101779c        0x0 binaries/freebuf.o
 .data          0x8101779c        0x0 binaries/freemem.o
 .data          0x8101779c        0x0 binaries/getbuf.o
 .data          0x8101779c        0x0 binaries/getc.o
 .data          0x8101779c        0x0 binaries/getdev.o
 .data          0x8101779c        0x0 binaries/getitem.o
 .data          0x8101779c        0x0 binaries/getmem.o
 .data          0x8101779c        0x0 binaries/getpid.o
 .data          0x8101779c        0x0 binaries/getprio.o
 .data          0x8101779c        0x0 binaries/getstk.o
 .data          0x8101779c        0x0 binaries/getticks.o
 .data          0x8101779c        0x0 binaries/gettime.o
 .data          0x8101779c        0x0 binaries/getutime.o
 .data          0x8101779c        0x0 binaries/gpioan.o
 .data          0x8101779c        0x0 binaries/gpioin.o
 .data          0x8101779c        0x0 binaries/gpioout.o
 .data          0x8101779c        0x0 binaries/init.o
 .data          0x8101779c        0x0 binaries/initialize.o
 .data          0x8101779c        0x0 binaries/insert.o
 .data          0x8101779c        0x0 binaries/insertd.o
 .data          0x8101779c        0x0 binaries/ioerr.o
 .data          0x8101779c        0x0 binaries/ionull.o
 .data          0x8101779c        0x0 binaries/kill.o
 .data          0x8101779c        0x0 binaries/kprintf.o
 .data          0x8101779c        0x0 binaries/led.o
 .data          0x8101779c        0x0 binaries/main.o
 .data          0x8101779c        0x0 binaries/mark.o
 .data          0x8101779c        0x0 binaries/meminit.o
 .data          0x8101779c        0x0 binaries/mkbufpool.o
 .data          0x8101779c        0x2 binaries/newqueue.o
 .data          0x8101779e        0x0 binaries/open.o
 .data          0x8101779e        0x0 binaries/panic.o
 .data          0x8101779e        0x0 binaries/platinit.o
 .data          0x8101779e        0x0 binaries/ptclear.o
 .data          0x8101779e        0x0 binaries/ptcount.o
 .data          0x8101779e        0x0 binaries/ptcreate.o
 .data          0x8101779e        0x0 binaries/ptdelete.o
 .data          0x8101779e        0x0 binaries/ptinit.o
 .data          0x8101779e        0x0 binaries/ptrecv.o
 .data          0x8101779e        0x0 binaries/ptreset.o
 .data          0x8101779e        0x0 binaries/ptsend.o
 .data          0x8101779e        0x0 binaries/putc.o
 .data          0x8101779e        0x0 binaries/queue.o
 .data          0x8101779e        0x0 binaries/read.o
 .data          0x8101779e        0x0 binaries/ready.o
 .data          0x8101779e        0x0 binaries/receive.o
 .data          0x8101779e        0x0 binaries/recvclr.o
 .data          0x8101779e        0x0 binaries/recvtime.o
 .data          0x8101779e        0x0 binaries/resched.o
 .data          0x8101779e        0x0 binaries/resume.o
 .data          0x8101779e        0x0 binaries/seek.o
 .data          0x8101779e        0x0 binaries/semcount.o
 .data          0x8101779e        0x0 binaries/semcreate.o
 .data          0x8101779e        0x0 binaries/semdelete.o
 .data          0x8101779e        0x0 binaries/semreset.o
 .data          0x8101779e        0x0 binaries/send.o
 .data          0x8101779e        0x0 binaries/signal.o
 .data          0x8101779e        0x0 binaries/signaln.o
 .data          0x8101779e        0x0 binaries/sleep.o
 .data          0x8101779e        0x0 binaries/suspend.o
 .data          0x8101779e        0x0 binaries/temp.o
 .data          0x8101779e        0x0 binaries/unsleep.o
 .data          0x8101779e        0x0 binaries/userret.o
 .data          0x8101779e        0x0 binaries/wait.o
 .data          0x8101779e        0x0 binaries/wakeup.o
 .data          0x8101779e        0x0 binaries/write.o
 .data          0x8101779e        0x0 binaries/xdone.o
 .data          0x8101779e        0x0 binaries/yield.o
 .data          0x8101779e        0x0 binaries/abs.o
 .data          0x8101779e        0x0 binaries/atoi.o
 .data          0x8101779e        0x0 binaries/atol.o
 .data          0x8101779e        0x0 binaries/bzero.o
 .data          0x8101779e        0x0 binaries/ctype_.o
 .data          0x8101779e        0x0 binaries/doprnt.o
 *fill*         0x8101779e        0x2 
 .data          0x810177a0       0x80 binaries/doscan.o
                0x810177a0                _sctab
 .data          0x81017820        0x0 binaries/fdoprnt.o
 .data          0x81017820        0x0 binaries/fgetc.o
 .data          0x81017820        0x0 binaries/fgets.o
 .data          0x81017820        0x0 binaries/fprintf.o
 .data          0x81017820        0x0 binaries/fputc.o
 .data          0x81017820        0x0 binaries/fputs.o
 .data          0x81017820        0x0 binaries/fscanf.o
 .data          0x81017820        0x0 binaries/getchar.o
 .data          0x81017820        0x0 binaries/labs.o
 .data          0x81017820        0x0 binaries/memchr.o
 .data          0x81017820        0x0 binaries/memcmp.o
 .data          0x81017820        0x0 binaries/memcpy.o
 .data          0x81017820        0x0 binaries/memset.o
 .data          0x81017820        0x0 binaries/printf.o
 .data          0x81017820        0x0 binaries/putchar.o
 .data          0x81017820        0x0 binaries/qsort.o
 .data          0x81017820        0x4 binaries/rand.o
 .data          0x81017824        0x0 binaries/sprintf.o
 .data          0x81017824        0x0 binaries/sscanf.o
 .data          0x81017824        0x0 binaries/strchr.o
 .data          0x81017824        0x0 binaries/strcmp.o
 .data          0x81017824        0x0 binaries/strcpy.o
 .data          0x81017824        0x0 binaries/strlen.o
 .data          0x81017824        0x0 binaries/strncat.o
 .data          0x81017824        0x0 binaries/strncmp.o
 .data          0x81017824        0x0 binaries/strncpy.o
 .data          0x81017824        0x0 binaries/strnlen.o
 .data          0x81017824        0x0 binaries/strrchr.o
 .data          0x81017824        0x0 binaries/strstr.o
 .data          0x81017824        0x0 binaries/ttycontrol.o
 .data          0x81017824        0x0 binaries/ttygetc.o
 .data          0x81017824        0x0 binaries/ttyhandle_in.o
 .data          0x81017824        0x0 binaries/ttyhandle_out.o
 .data          0x81017824        0x0 binaries/ttyhandler.o
 .data          0x81017824        0x0 binaries/ttyinit.o
 .data          0x81017824        0x0 binaries/ttykickout.o
 .data          0x81017824        0x0 binaries/ttyputc.o
 .data          0x81017824        0x0 binaries/ttyread.o
 .data          0x81017824        0x0 binaries/ttywrite.o
 .data          0x81017824        0x0 binaries/mount.o
 .data          0x81017824        0x0 binaries/naminit.o
 .data          0x81017824        0x0 binaries/nammap.o
 .data          0x81017824        0x0 binaries/namopen.o
 .data          0x81017824        0x0 binaries/ethcontrol.o
 .data          0x81017824        0x0 binaries/ethhandler.o
 .data          0x81017824        0x0 binaries/ethinit.o
 .data          0x81017824        0x0 binaries/ethread.o
 .data          0x81017824        0x0 binaries/ethwrite.o
 .data          0x81017824        0x0 binaries/rdsbufalloc.o
 .data          0x81017824        0x0 binaries/rdsclose.o
 .data          0x81017824        0x0 binaries/rdscomm.o
 .data          0x81017824        0x0 binaries/rdscontrol.o
 .data          0x81017824        0x0 binaries/rdsinit.o
 .data          0x81017824        0x0 binaries/rdsopen.o
 .data          0x81017824        0x0 binaries/rdsprocess.o
 .data          0x81017824        0x0 binaries/rdsread.o
 .data          0x81017824        0x0 binaries/rdswrite.o
 .data          0x81017824        0x0 binaries/ramclose.o
 .data          0x81017824        0x0 binaries/raminit.o
 .data          0x81017824        0x0 binaries/ramopen.o
 .data          0x81017824        0x0 binaries/ramread.o
 .data          0x81017824        0x0 binaries/ramwrite.o
 .data          0x81017824        0x0 binaries/lfdballoc.o
 .data          0x81017824        0x0 binaries/lfdbfree.o
 .data          0x81017824        0x0 binaries/lfflush.o
 .data          0x81017824        0x0 binaries/lfgetmode.o
 .data          0x81017824        0x0 binaries/lfiballoc.o
 .data          0x81017824        0x0 binaries/lfibclear.o
 .data          0x81017824        0x0 binaries/lfibget.o
 .data          0x81017824        0x0 binaries/lfibput.o
 .data          0x81017824        0x0 binaries/lflclose.o
 .data          0x81017824        0x0 binaries/lflcontrol.o
 .data          0x81017824        0x0 binaries/lflgetc.o
 .data          0x81017824        0x0 binaries/lflinit.o
 .data          0x81017824        0x0 binaries/lflputc.o
 .data          0x81017824        0x0 binaries/lflread.o
 .data          0x81017824        0x0 binaries/lflseek.o
 .data          0x81017824        0x0 binaries/lflwrite.o
 .data          0x81017824        0x0 binaries/lfscheck.o
 .data          0x81017824        0x0 binaries/lfsckfmt.o
 .data          0x81017824        0x0 binaries/lfscreate.o
 .data          0x81017824        0x0 binaries/lfsetup.o
 .data          0x81017824        0x0 binaries/lfsinit.o
 .data          0x81017824        0x0 binaries/lfsopen.o
 .data          0x81017824        0x0 binaries/lftruncate.o
 .data          0x81017824        0x0 binaries/rflclose.o
 .data          0x81017824        0x0 binaries/rflgetc.o
 .data          0x81017824        0x0 binaries/rflinit.o
 .data          0x81017824        0x0 binaries/rflputc.o
 .data          0x81017824        0x0 binaries/rflread.o
 .data          0x81017824        0x0 binaries/rflseek.o
 .data          0x81017824        0x0 binaries/rflwrite.o
 .data          0x81017824        0x0 binaries/rfscomm.o
 .data          0x81017824        0x0 binaries/rfscontrol.o
 .data          0x81017824        0x0 binaries/rfsgetmode.o
 .data          0x81017824        0x0 binaries/rfsinit.o
 .data          0x81017824        0x0 binaries/rfsndmsg.o
 .data          0x81017824        0x0 binaries/rfsopen.o
 .data          0x81017824        0x0 binaries/spicontrol.o
 .data          0x81017824        0x0 binaries/spiinit.o
 .data          0x81017824        0x0 binaries/tempinit.o
 .data          0x81017824        0x0 binaries/tempread.o
 .data          0x81017824        0x0 binaries/arp.o
 .data          0x81017824        0x0 binaries/dhcp.o
 .data          0x81017824        0x0 binaries/dns.o
 .data          0x81017824        0x0 binaries/dot2ip.o
 .data          0x81017824        0x0 binaries/hexdump.o
 .data          0x81017824        0x4 binaries/icmp.o
 .data          0x81017828        0x0 binaries/ip.o
 .data          0x81017828        0x0 binaries/net.o
 .data          0x81017828        0x0 binaries/pdump.o
 .data          0x81017828        0x0 binaries/tftp.o
 .data          0x81017828        0x4 binaries/udp.o
 .data          0x8101782c        0x0 binaries/addargs.o
 .data          0x8101782c        0x0 binaries/lexan.o
 .data          0x8101782c        0x4 binaries/shell.o
                0x8101782c                ncmd
 .data          0x81017830        0x0 binaries/xsh_argecho.o
 .data          0x81017830        0x0 binaries/xsh_arp.o
 .data          0x81017830        0x0 binaries/xsh_cat.o
 .data          0x81017830        0x0 binaries/xsh_clear.o
 .data          0x81017830        0x0 binaries/xsh_date.o
 .data          0x81017830        0x0 binaries/xsh_devdump.o
 .data          0x81017830        0x0 binaries/xsh_echo.o
 .data          0x81017830        0x0 binaries/xsh_exit.o
 .data          0x81017830        0x0 binaries/xsh_help.o
 .data          0x81017830        0x0 binaries/xsh_kill.o
 .data          0x81017830        0x0 binaries/xsh_memdump.o
 .data          0x81017830        0x0 binaries/xsh_memstat.o
 .data          0x81017830        0x0 binaries/xsh_netinfo.o
 .data          0x81017830        0x0 binaries/xsh_ping.o
 .data          0x81017830        0x0 binaries/xsh_ps.o
 .data          0x81017830        0x0 binaries/xsh_sleep.o
 .data          0x81017830        0x0 binaries/xsh_udpdump.o
 .data          0x81017830        0x0 binaries/xsh_udpecho.o
 .data          0x81017830        0x0 binaries/xsh_udpserver.o
 .data          0x81017830        0x0 binaries/xsh_uptime.o
 .data          0x81017830        0x0 binaries/ctxsw.o
 .data          0x81017830        0x0 binaries/intr.o
 .data          0x81017830        0x0 ../cross_compiler/lib/gcc/arm-none-eabi/4.8.1//libgcc.a(_udivsi3.o)
 .data          0x81017830        0x0 ../cross_compiler/lib/gcc/arm-none-eabi/4.8.1//libgcc.a(_divsi3.o)
 .data          0x81017830        0x0 ../cross_compiler/lib/gcc/arm-none-eabi/4.8.1//libgcc.a(_dvmd_tls.o)
 .data          0x81017830        0x0 ../cross_compiler/lib/gcc/arm-none-eabi/4.8.1//libgcc.a(_arm_addsubdf3.o)
 .data          0x81017830        0x0 ../cross_compiler/lib/gcc/arm-none-eabi/4.8.1//libgcc.a(_arm_muldivdf3.o)
 .data          0x81017830        0x0 ../cross_compiler/lib/gcc/arm-none-eabi/4.8.1//libgcc.a(_arm_cmpdf2.o)
 .data          0x81017830        0x0 ../cross_compiler/lib/gcc/arm-none-eabi/4.8.1//libgcc.a(_arm_fixdfsi.o)
                0x81017830                edata = ABSOLUTE (.)
                0x81018000                . = ALIGN (0x1000)
 *fill*         0x81017830      0x7d0 

.igot.plt       0x81018000        0x0
 .igot.plt      0x00000000        0x0 binaries/start.o

.bss            0x81018000    0x26000
                0x81018000                bss = ABSOLUTE (.)
 *(.bss .bss.*)
 .bss           0x81018000        0x0 binaries/start.o
 .bss           0x81018000        0x0 binaries/ascdate.o
 .bss           0x81018000        0x0 binaries/bufinit.o
 .bss           0x81018000        0x0 binaries/button.o
 .bss           0x81018000        0x0 binaries/chprio.o
 .bss           0x81018000        0x0 binaries/clkhandler.o
 .bss           0x81018000        0x4 binaries/clkinit.o
                0x81018000                ctr1000
 .bss           0x81018004        0x0 binaries/close.o
 .bss           0x81018004        0x0 binaries/conf.o
 .bss           0x81018004        0x0 binaries/control.o
 .bss           0x81018004        0x0 binaries/create.o
 .bss           0x81018004        0x0 binaries/evec.o
 .bss           0x81018004        0x0 binaries/exit.o
 .bss           0x81018004        0x0 binaries/freebuf.o
 .bss           0x81018004        0x0 binaries/freemem.o
 .bss           0x81018004        0x0 binaries/getbuf.o
 .bss           0x81018004        0x0 binaries/getc.o
 .bss           0x81018004        0x0 binaries/getdev.o
 .bss           0x81018004        0x0 binaries/getitem.o
 .bss           0x81018004        0x0 binaries/getmem.o
 .bss           0x81018004        0x0 binaries/getpid.o
 .bss           0x81018004        0x0 binaries/getprio.o
 .bss           0x81018004        0x0 binaries/getstk.o
 .bss           0x81018004        0x0 binaries/getticks.o
 .bss           0x81018004        0x0 binaries/gettime.o
 .bss           0x81018004        0x0 binaries/getutime.o
 .bss           0x81018004        0x0 binaries/gpioan.o
 .bss           0x81018004        0x0 binaries/gpioin.o
 .bss           0x81018004        0x0 binaries/gpioout.o
 .bss           0x81018004        0x0 binaries/init.o
 .bss           0x81018004        0x0 binaries/initialize.o
 .bss           0x81018004        0x0 binaries/insert.o
 .bss           0x81018004        0x0 binaries/insertd.o
 .bss           0x81018004        0x0 binaries/ioerr.o
 .bss           0x81018004        0x0 binaries/ionull.o
 .bss           0x81018004        0x0 binaries/kill.o
 .bss           0x81018004        0x0 binaries/kprintf.o
 .bss           0x81018004        0x0 binaries/led.o
 .bss           0x81018004        0x0 binaries/main.o
 .bss           0x81018004        0x0 binaries/mark.o
 .bss           0x81018004        0x0 binaries/meminit.o
 .bss           0x81018004        0x0 binaries/mkbufpool.o
 .bss           0x81018004        0x0 binaries/newqueue.o
 .bss           0x81018004        0x0 binaries/open.o
 .bss           0x81018004        0x0 binaries/panic.o
 .bss           0x81018004        0x0 binaries/platinit.o
 .bss           0x81018004        0x0 binaries/ptclear.o
 .bss           0x81018004        0x0 binaries/ptcount.o
 .bss           0x81018004        0x0 binaries/ptcreate.o
 .bss           0x81018004        0x0 binaries/ptdelete.o
 .bss           0x81018004        0x0 binaries/ptinit.o
 .bss           0x81018004        0x0 binaries/ptrecv.o
 .bss           0x81018004        0x0 binaries/ptreset.o
 .bss           0x81018004        0x0 binaries/ptsend.o
 .bss           0x81018004        0x0 binaries/putc.o
 .bss           0x81018004        0x0 binaries/queue.o
 .bss           0x81018004        0x0 binaries/read.o
 .bss           0x81018004        0x0 binaries/ready.o
 .bss           0x81018004        0x0 binaries/receive.o
 .bss           0x81018004        0x0 binaries/recvclr.o
 .bss           0x81018004        0x0 binaries/recvtime.o
 .bss           0x81018004        0x0 binaries/resched.o
 .bss           0x81018004        0x0 binaries/resume.o
 .bss           0x81018004        0x0 binaries/seek.o
 .bss           0x81018004        0x0 binaries/semcount.o
 .bss           0x81018004        0x4 binaries/semcreate.o
 .bss           0x81018008        0x0 binaries/semdelete.o
 .bss           0x81018008        0x0 binaries/semreset.o
 .bss           0x81018008        0x0 binaries/send.o
 .bss           0x81018008        0x0 binaries/signal.o
 .bss           0x81018008        0x0 binaries/signaln.o
 .bss           0x81018008        0x0 binaries/sleep.o
 .bss           0x81018008        0x0 binaries/suspend.o
 .bss           0x81018008        0x0 binaries/temp.o
 .bss           0x81018008        0x0 binaries/unsleep.o
 .bss           0x81018008        0x0 binaries/userret.o
 .bss           0x81018008        0x0 binaries/wait.o
 .bss           0x81018008        0x0 binaries/wakeup.o
 .bss           0x81018008        0x0 binaries/write.o
 .bss           0x81018008        0x0 binaries/xdone.o
 .bss           0x81018008        0x0 binaries/yield.o
 .bss           0x81018008        0x0 binaries/abs.o
 .bss           0x81018008        0x0 binaries/atoi.o
 .bss           0x81018008        0x0 binaries/atol.o
 .bss           0x81018008        0x0 binaries/bzero.o
 .bss           0x81018008        0x0 binaries/ctype_.o
 .bss           0x81018008        0x0 binaries/doprnt.o
 .bss           0x81018008        0x0 binaries/doscan.o
 .bss           0x81018008        0x0 binaries/fdoprnt.o
 .bss           0x81018008        0x0 binaries/fgetc.o
 .bss           0x81018008        0x0 binaries/fgets.o
 .bss           0x81018008        0x0 binaries/fprintf.o
 .bss           0x81018008        0x0 binaries/fputc.o
 .bss           0x81018008        0x0 binaries/fputs.o
 .bss           0x81018008        0x0 binaries/fscanf.o
 .bss           0x81018008        0x0 binaries/getchar.o
 .bss           0x81018008        0x0 binaries/labs.o
 .bss           0x81018008        0x0 binaries/memchr.o
 .bss           0x81018008        0x0 binaries/memcmp.o
 .bss           0x81018008        0x0 binaries/memcpy.o
 .bss           0x81018008        0x0 binaries/memset.o
 .bss           0x81018008        0x0 binaries/printf.o
 .bss           0x81018008        0x0 binaries/putchar.o
 .bss           0x81018008        0x8 binaries/qsort.o
 .bss           0x81018010        0x0 binaries/rand.o
 .bss           0x81018010        0x0 binaries/sprintf.o
 .bss           0x81018010        0x0 binaries/sscanf.o
 .bss           0x81018010        0x0 binaries/strchr.o
 .bss           0x81018010        0x0 binaries/strcmp.o
 .bss           0x81018010        0x0 binaries/strcpy.o
 .bss           0x81018010        0x0 binaries/strlen.o
 .bss           0x81018010        0x0 binaries/strncat.o
 .bss           0x81018010        0x0 binaries/strncmp.o
 .bss           0x81018010        0x0 binaries/strncpy.o
 .bss           0x81018010        0x0 binaries/strnlen.o
 .bss           0x81018010        0x0 binaries/strrchr.o
 .bss           0x81018010        0x0 binaries/strstr.o
 .bss           0x81018010        0x0 binaries/ttycontrol.o
 .bss           0x81018010        0x0 binaries/ttygetc.o
 .bss           0x81018010        0x0 binaries/ttyhandle_in.o
 .bss           0x81018010        0x0 binaries/ttyhandle_out.o
 .bss           0x81018010        0x0 binaries/ttyhandler.o
 .bss           0x81018010        0x0 binaries/ttyinit.o
 .bss           0x81018010        0x0 binaries/ttykickout.o
 .bss           0x81018010        0x0 binaries/ttyputc.o
 .bss           0x81018010        0x0 binaries/ttyread.o
 .bss           0x81018010        0x0 binaries/ttywrite.o
 .bss           0x81018010        0x0 binaries/mount.o
 .bss           0x81018010        0x0 binaries/naminit.o
 .bss           0x81018010        0x0 binaries/nammap.o
 .bss           0x81018010        0x0 binaries/namopen.o
 .bss           0x81018010        0x0 binaries/ethcontrol.o
 .bss           0x81018010        0x0 binaries/ethhandler.o
 .bss           0x81018010        0x0 binaries/ethinit.o
 .bss           0x81018010        0x0 binaries/ethread.o
 .bss           0x81018010        0x0 binaries/ethwrite.o
 .bss           0x81018010        0x0 binaries/rdsbufalloc.o
 .bss           0x81018010        0x0 binaries/rdsclose.o
 .bss           0x81018010        0x0 binaries/rdscomm.o
 .bss           0x81018010        0x0 binaries/rdscontrol.o
 .bss           0x81018010        0x0 binaries/rdsinit.o
 .bss           0x81018010        0x0 binaries/rdsopen.o
 .bss           0x81018010        0x0 binaries/rdsprocess.o
 .bss           0x81018010        0x0 binaries/rdsread.o
 .bss           0x81018010        0x0 binaries/rdswrite.o
 .bss           0x81018010        0x0 binaries/ramclose.o
 .bss           0x81018010        0x0 binaries/raminit.o
 .bss           0x81018010        0x0 binaries/ramopen.o
 .bss           0x81018010        0x0 binaries/ramread.o
 .bss           0x81018010        0x0 binaries/ramwrite.o
 .bss           0x81018010        0x0 binaries/lfdballoc.o
 .bss           0x81018010        0x0 binaries/lfdbfree.o
 .bss           0x81018010        0x0 binaries/lfflush.o
 .bss           0x81018010        0x0 binaries/lfgetmode.o
 .bss           0x81018010        0x0 binaries/lfiballoc.o
 .bss           0x81018010        0x0 binaries/lfibclear.o
 .bss           0x81018010        0x0 binaries/lfibget.o
 .bss           0x81018010        0x0 binaries/lfibput.o
 .bss           0x81018010        0x0 binaries/lflclose.o
 .bss           0x81018010        0x0 binaries/lflcontrol.o
 .bss           0x81018010        0x0 binaries/lflgetc.o
 .bss           0x81018010        0x0 binaries/lflinit.o
 .bss           0x81018010        0x0 binaries/lflputc.o
 .bss           0x81018010        0x0 binaries/lflread.o
 .bss           0x81018010        0x0 binaries/lflseek.o
 .bss           0x81018010        0x0 binaries/lflwrite.o
 .bss           0x81018010        0x0 binaries/lfscheck.o
 .bss           0x81018010        0x0 binaries/lfsckfmt.o
 .bss           0x81018010        0x0 binaries/lfscreate.o
 .bss           0x81018010        0x0 binaries/lfsetup.o
 .bss           0x81018010        0x0 binaries/lfsinit.o
 .bss           0x81018010        0x0 binaries/lfsopen.o
 .bss           0x81018010        0x0 binaries/lftruncate.o
 .bss           0x81018010        0x0 binaries/rflclose.o
 .bss           0x81018010        0x0 binaries/rflgetc.o
 .bss           0x81018010        0x0 binaries/rflinit.o
 .bss           0x81018010        0x0 binaries/rflputc.o
 .bss           0x81018010        0x0 binaries/rflread.o
 .bss           0x81018010        0x0 binaries/rflseek.o
 .bss           0x81018010        0x0 binaries/rflwrite.o
 .bss           0x81018010        0x0 binaries/rfscomm.o
 .bss           0x81018010        0x0 binaries/rfscontrol.o
 .bss           0x81018010        0x0 binaries/rfsgetmode.o
 .bss           0x81018010        0x0 binaries/rfsinit.o
 .bss           0x81018010        0x0 binaries/rfsndmsg.o
 .bss           0x81018010        0x0 binaries/rfsopen.o
 .bss           0x81018010        0x0 binaries/spicontrol.o
 .bss           0x81018010        0x0 binaries/spiinit.o
 .bss           0x81018010        0x0 binaries/tempinit.o
 .bss           0x81018010        0x0 binaries/tempread.o
 .bss           0x81018010        0x0 binaries/arp.o
 .bss           0x81018010        0x0 binaries/dhcp.o
 .bss           0x81018010        0x0 binaries/dns.o
 .bss           0x81018010        0x0 binaries/dot2ip.o
 .bss           0x81018010        0x0 binaries/hexdump.o
 .bss           0x81018010        0x0 binaries/icmp.o
 .bss           0x81018010        0x0 binaries/ip.o
 .bss           0x81018010        0x0 binaries/net.o
 .bss           0x81018010        0x0 binaries/pdump.o
 .bss           0x81018010        0x0 binaries/tftp.o
 .bss           0x81018010        0x0 binaries/udp.o
 .bss           0x81018010        0x0 binaries/addargs.o
 .bss           0x81018010        0x0 binaries/lexan.o
 .bss           0x81018010        0x0 binaries/shell.o
 .bss           0x81018010        0x0 binaries/xsh_argecho.o
 .bss           0x81018010        0x0 binaries/xsh_arp.o
 .bss           0x81018010        0x0 binaries/xsh_cat.o
 .bss           0x81018010        0x0 binaries/xsh_clear.o
 .bss           0x81018010        0x0 binaries/xsh_date.o
 .bss           0x81018010        0x0 binaries/xsh_devdump.o
 .bss           0x81018010        0x0 binaries/xsh_echo.o
 .bss           0x81018010        0x0 binaries/xsh_exit.o
 .bss           0x81018010        0x0 binaries/xsh_help.o
 .bss           0x81018010        0x0 binaries/xsh_kill.o
 .bss           0x81018010        0x0 binaries/xsh_memdump.o
 .bss           0x81018010        0x0 binaries/xsh_memstat.o
 .bss           0x81018010        0x0 binaries/xsh_netinfo.o
 .bss           0x81018010        0x4 binaries/xsh_ping.o
 .bss           0x81018014        0x0 binaries/xsh_ps.o
 .bss           0x81018014        0x0 binaries/xsh_sleep.o
 .bss           0x81018014        0x0 binaries/xsh_udpdump.o
 .bss           0x81018014        0x0 binaries/xsh_udpecho.o
 .bss           0x81018014        0x0 binaries/xsh_udpserver.o
 .bss           0x81018014        0x0 binaries/xsh_uptime.o
 .bss           0x81018014        0x0 binaries/ctxsw.o
 .bss           0x81018014        0x0 binaries/intr.o
 .bss           0x81018014        0x0 ../cross_compiler/lib/gcc/arm-none-eabi/4.8.1//libgcc.a(_udivsi3.o)
 .bss           0x81018014        0x0 ../cross_compiler/lib/gcc/arm-none-eabi/4.8.1//libgcc.a(_divsi3.o)
 .bss           0x81018014        0x0 ../cross_compiler/lib/gcc/arm-none-eabi/4.8.1//libgcc.a(_dvmd_tls.o)
 .bss           0x81018014        0x0 ../cross_compiler/lib/gcc/arm-none-eabi/4.8.1//libgcc.a(_arm_addsubdf3.o)
 .bss           0x81018014        0x0 ../cross_compiler/lib/gcc/arm-none-eabi/4.8.1//libgcc.a(_arm_muldivdf3.o)
 .bss           0x81018014        0x0 ../cross_compiler/lib/gcc/arm-none-eabi/4.8.1//libgcc.a(_arm_cmpdf2.o)
 .bss           0x81018014        0x0 ../cross_compiler/lib/gcc/arm-none-eabi/4.8.1//libgcc.a(_arm_fixdfsi.o)
 *(COMMON)
 *fill*         0x81018014        0x4 
 COMMON         0x81018018      0x1d0 binaries/ascdate.o
                0x81018018                iottab
 COMMON         0x810181e8       0xf4 binaries/bufinit.o
                0x810181e8                buftab
                0x810182d8                nbpools
 COMMON         0x810182dc       0x10 binaries/clkinit.o
                0x810182dc                sleepq
                0x810182e0                clktime_ms
                0x810182e4                preempt
                0x810182e8                clktime
 COMMON         0x810182ec      0x200 binaries/evec.o
                0x810182ec                intc_vector
 COMMON         0x810184ec     0x808c binaries/initialize.o
                0x810184ec                currpid
                0x810184f0                topicstab
                0x8101e490                proctab
                0x810200b0                printsem
                0x810200b4                prcount
                0x810200b8                PPUBLISH_ID
                0x810200bc                semtab
                0x8102056c                INBOX_ID
                0x81020570                memlist
 COMMON         0x81020578        0x4 binaries/main.o
                0x81020578                psem
 COMMON         0x8102057c       0x58 binaries/mark.o
                0x8102057c                marks
                0x810205cc                nmarks
                0x810205d0                mkmutex
 COMMON         0x810205d4        0x8 binaries/meminit.o
                0x810205d4                minheap
                0x810205d8                maxheap
 COMMON         0x810205dc      0x2d8 binaries/ptinit.o
                0x810205dc                porttab
                0x810208ac                ptnextid
                0x810208b0                ptfree
 COMMON         0x810208b4      0x980 binaries/queue.o
                0x810208b4                queuetab
 COMMON         0x81021234        0x2 binaries/ready.o
                0x81021234                readylist
 *fill*         0x81021236        0x2 
 COMMON         0x81021238        0x8 binaries/resched.o
                0x81021238                Defer
 COMMON         0x81021240      0x110 binaries/ttyinit.o
                0x81021240                ttytab
 COMMON         0x81021350     0x19a4 binaries/naminit.o
                0x81021350                nnames
                0x81021354                nametab
 COMMON         0x81022cf4      0x154 binaries/ethinit.o
                0x81022cf4                eth_a_regs
                0x81022d10                ethertab
 COMMON         0x81022e48       0x8c binaries/rdsinit.o
                0x81022e48                rdstab
 COMMON         0x81022ed4    0x19000 binaries/raminit.o
                0x81022ed4                Ram
 COMMON         0x8103bed4      0xf00 binaries/lflinit.o
                0x8103bed4                lfltab
 COMMON         0x8103cdd4      0x20c binaries/lfsinit.o
                0x8103cdd4                Lf_data
 COMMON         0x8103cfe0      0x5a0 binaries/rflinit.o
                0x8103cfe0                rfltab
 COMMON         0x8103d580       0x18 binaries/rfsinit.o
                0x8103d580                Rf_data
 COMMON         0x8103d598      0x140 binaries/arp.o
                0x8103d598                arpcache
 COMMON         0x8103d6d8      0x230 binaries/icmp.o
                0x8103d6d8                icmptab
 COMMON         0x8103d908       0x2c binaries/ip.o
                0x8103d908                ipoqueue
 COMMON         0x8103d934       0xb8 binaries/net.o
                0x8103d934                netbufpool
                0x8103d938                netportseed
                0x8103d93c                NetData
[...]
 .ARM.attributes
                0x00001df5       0x35 binaries/ramclose.o
 .ARM.attributes
                0x00001e2a       0x35 binaries/raminit.o
 .ARM.attributes
                0x00001e5f       0x35 binaries/ramopen.o
 .ARM.attributes
                0x00001e94       0x35 binaries/ramread.o
 .ARM.attributes
                0x00001ec9       0x35 binaries/ramwrite.o
 .ARM.attributes
                0x00001efe       0x35 binaries/lfdballoc.o
 .ARM.attributes
                0x00001f33       0x35 binaries/lfdbfree.o
 .ARM.attributes
                0x00001f68       0x35 binaries/lfflush.o
 .ARM.attributes
                0x00001f9d       0x35 binaries/lfgetmode.o
 .ARM.attributes
                0x00001fd2       0x35 binaries/lfiballoc.o
 .ARM.attributes
                0x00002007       0x35 binaries/lfibclear.o
 .ARM.attributes
                0x0000203c       0x35 binaries/lfibget.o
 .ARM.attributes
                0x00002071       0x35 binaries/lfibput.o
 .ARM.attributes
                0x000020a6       0x35 binaries/lflclose.o
 .ARM.attributes
                0x000020db       0x35 binaries/lflcontrol.o
 .ARM.attributes
                0x00002110       0x35 binaries/lflgetc.o
 .ARM.attributes
                0x00002145       0x35 binaries/lflinit.o
 .ARM.attributes
                0x0000217a       0x35 binaries/lflputc.o
 .ARM.attributes
                0x000021af       0x35 binaries/lflread.o
 .ARM.attributes
                0x000021e4       0x35 binaries/lflseek.o
 .ARM.attributes
                0x00002219       0x35 binaries/lflwrite.o
 .ARM.attributes
                0x0000224e       0x35 binaries/lfscheck.o
 .ARM.attributes
                0x00002283       0x35 binaries/lfsckfmt.o
 .ARM.attributes
                0x000022b8       0x35 binaries/lfscreate.o
 .ARM.attributes
                0x000022ed       0x35 binaries/lfsetup.o
 .ARM.attributes
                0x00002322       0x35 binaries/lfsinit.o
 .ARM.attributes
                0x00002357       0x35 binaries/lfsopen.o
 .ARM.attributes
                0x0000238c       0x35 binaries/lftruncate.o
 .ARM.attributes
                0x000023c1       0x35 binaries/rflclose.o
 .ARM.attributes
                0x000023f6       0x35 binaries/rflgetc.o
 .ARM.attributes
                0x0000242b       0x35 binaries/rflinit.o
 .ARM.attributes
                0x00002460       0x35 binaries/rflputc.o
 .ARM.attributes
                0x00002495       0x35 binaries/rflread.o
 .ARM.attributes
                0x000024ca       0x35 binaries/rflseek.o
 .ARM.attributes
                0x000024ff       0x35 binaries/rflwrite.o
 .ARM.attributes
                0x00002534       0x35 binaries/rfscomm.o
 .ARM.attributes
                0x00002569       0x35 binaries/rfscontrol.o
 .ARM.attributes
                0x0000259e       0x35 binaries/rfsgetmode.o
 .ARM.attributes
                0x000025d3       0x35 binaries/rfsinit.o
 .ARM.attributes
                0x00002608       0x35 binaries/rfsndmsg.o
 .ARM.attributes
                0x0000263d       0x35 binaries/rfsopen.o
 .ARM.attributes
                0x00002672       0x35 binaries/spicontrol.o
 .ARM.attributes
                0x000026a7       0x35 binaries/spiinit.o
 .ARM.attributes
                0x000026dc       0x35 binaries/tempinit.o
 .ARM.attributes
                0x00002711       0x35 binaries/tempread.o
 .ARM.attributes
                0x00002746       0x35 binaries/arp.o
 .ARM.attributes
                0x0000277b       0x35 binaries/dhcp.o
 .ARM.attributes
                0x000027b0       0x35 binaries/dns.o
 .ARM.attributes
                0x000027e5       0x35 binaries/dot2ip.o
 .ARM.attributes
                0x0000281a       0x35 binaries/hexdump.o
 .ARM.attributes
                0x0000284f       0x35 binaries/icmp.o
 .ARM.attributes
                0x00002884       0x35 binaries/ip.o
 .ARM.attributes
                0x000028b9       0x35 binaries/net.o
 .ARM.attributes
                0x000028ee       0x35 binaries/pdump.o
 .ARM.attributes
                0x00002923       0x35 binaries/tftp.o
 .ARM.attributes
                0x00002958       0x35 binaries/udp.o
 .ARM.attributes
                0x0000298d       0x35 binaries/addargs.o
 .ARM.attributes
                0x000029c2       0x35 binaries/lexan.o
 .ARM.attributes
                0x000029f7       0x35 binaries/shell.o
 .ARM.attributes
                0x00002a2c       0x35 binaries/xsh_argecho.o
 .ARM.attributes
                0x00002a61       0x35 binaries/xsh_arp.o
 .ARM.attributes
                0x00002a96       0x35 binaries/xsh_cat.o
 .ARM.attributes
                0x00002acb       0x35 binaries/xsh_clear.o
 .ARM.attributes
                0x00002b00       0x35 binaries/xsh_date.o
 .ARM.attributes
                0x00002b35       0x35 binaries/xsh_devdump.o
 .ARM.attributes
                0x00002b6a       0x35 binaries/xsh_echo.o
 .ARM.attributes
                0x00002b9f       0x35 binaries/xsh_exit.o
 .ARM.attributes
                0x00002bd4       0x35 binaries/xsh_help.o
 .ARM.attributes
                0x00002c09       0x35 binaries/xsh_kill.o
 .ARM.attributes
                0x00002c3e       0x35 binaries/xsh_memdump.o
 .ARM.attributes
                0x00002c73       0x35 binaries/xsh_memstat.o
 .ARM.attributes
                0x00002ca8       0x35 binaries/xsh_netinfo.o
 .ARM.attributes
                0x00002cdd       0x35 binaries/xsh_ping.o
 .ARM.attributes
                0x00002d12       0x35 binaries/xsh_ps.o
 .ARM.attributes
                0x00002d47       0x35 binaries/xsh_sleep.o
 .ARM.attributes
                0x00002d7c       0x35 binaries/xsh_udpdump.o
 .ARM.attributes
                0x00002db1       0x35 binaries/xsh_udpecho.o
 .ARM.attributes
                0x00002de6       0x35 binaries/xsh_udpserver.o
 .ARM.attributes
                0x00002e1b       0x35 binaries/xsh_uptime.o
 .ARM.attributes
                0x00002e50       0x25 binaries/ctxsw.o
 .ARM.attributes
                0x00002e75       0x25 binaries/intr.o
 .ARM.attributes
                0x00002e9a       0x18 ../cross_compiler/lib/gcc/arm-none-eabi/4.8.1//libgcc.a(_udivsi3.o)
 .ARM.attributes
                0x00002eb2       0x18 ../cross_compiler/lib/gcc/arm-none-eabi/4.8.1//libgcc.a(_divsi3.o)
 .ARM.attributes
                0x00002eca       0x18 ../cross_compiler/lib/gcc/arm-none-eabi/4.8.1//libgcc.a(_dvmd_tls.o)
 .ARM.attributes
                0x00002ee2       0x18 ../cross_compiler/lib/gcc/arm-none-eabi/4.8.1//libgcc.a(_arm_addsubdf3.o)
 .ARM.attributes
                0x00002efa       0x18 ../cross_compiler/lib/gcc/arm-none-eabi/4.8.1//libgcc.a(_arm_muldivdf3.o)
 .ARM.attributes
                0x00002f12       0x18 ../cross_compiler/lib/gcc/arm-none-eabi/4.8.1//libgcc.a(_arm_cmpdf2.o)
 .ARM.attributes
                0x00002f2a       0x18 ../cross_compiler/lib/gcc/arm-none-eabi/4.8.1//libgcc.a(_arm_fixdfsi.o)

.comment        0x00000000       0x30
 .comment       0x00000000       0x30 binaries/ascdate.o
                                 0x31 (size before relaxing)
 .comment       0x00000000       0x31 binaries/bufinit.o
 .comment       0x00000000       0x31 binaries/button.o
 .comment       0x00000000       0x31 binaries/chprio.o
 .comment       0x00000000       0x31 binaries/clkhandler.o
 .comment       0x00000000       0x31 binaries/clkinit.o
 .comment       0x00000000       0x31 binaries/close.o
 .comment       0x00000000       0x31 binaries/conf.o
 .comment       0x00000000       0x31 binaries/control.o
 .comment       0x00000000       0x31 binaries/create.o
 .comment       0x00000000       0x31 binaries/evec.o
 .comment       0x00000000       0x31 binaries/exit.o
 .comment       0x00000000       0x31 binaries/freebuf.o
 .comment       0x00000000       0x31 binaries/freemem.o
 .comment       0x00000000       0x31 binaries/getbuf.o
 .comment       0x00000000       0x31 binaries/getc.o
 .comment       0x00000000       0x31 binaries/getdev.o
 .comment       0x00000000       0x31 binaries/getitem.o
 .comment       0x00000000       0x31 binaries/getmem.o
 .comment       0x00000000       0x31 binaries/getpid.o
 .comment       0x00000000       0x31 binaries/getprio.o
 .comment       0x00000000       0x31 binaries/getstk.o
 .comment       0x00000000       0x31 binaries/getticks.o
 .comment       0x00000000       0x31 binaries/gettime.o
 .comment       0x00000000       0x31 binaries/getutime.o
 .comment       0x00000000       0x31 binaries/gpioan.o
 .comment       0x00000000       0x31 binaries/gpioin.o
 .comment       0x00000000       0x31 binaries/gpioout.o
 .comment       0x00000000       0x31 binaries/init.o
 .comment       0x00000000       0x31 binaries/initialize.o
 .comment       0x00000000       0x31 binaries/insert.o
 .comment       0x00000000       0x31 binaries/insertd.o
 .comment       0x00000000       0x31 binaries/ioerr.o
 .comment       0x00000000       0x31 binaries/ionull.o
 .comment       0x00000000       0x31 binaries/kill.o
 .comment       0x00000000       0x31 binaries/kprintf.o
 .comment       0x00000000       0x31 binaries/led.o
 .comment       0x00000000       0x31 binaries/main.o
 .comment       0x00000000       0x31 binaries/mark.o
 .comment       0x00000000       0x31 binaries/meminit.o
 .comment       0x00000000       0x31 binaries/mkbufpool.o
 .comment       0x00000000       0x31 binaries/newqueue.o
 .comment       0x00000000       0x31 binaries/open.o
 .comment       0x00000000       0x31 binaries/panic.o
 .comment       0x00000000       0x31 binaries/platinit.o
 .comment       0x00000000       0x31 binaries/ptclear.o
 .comment       0x00000000       0x31 binaries/ptcount.o
 .comment       0x00000000       0x31 binaries/ptcreate.o
 .comment       0x00000000       0x31 binaries/ptdelete.o
 .comment       0x00000000       0x31 binaries/ptinit.o
 .comment       0x00000000       0x31 binaries/ptrecv.o
 .comment       0x00000000       0x31 binaries/ptreset.o
 .comment       0x00000000       0x31 binaries/ptsend.o
 .comment       0x00000000       0x31 binaries/putc.o
 .comment       0x00000000       0x31 binaries/queue.o
 .comment       0x00000000       0x31 binaries/read.o
 .comment       0x00000000       0x31 binaries/ready.o
 .comment       0x00000000       0x31 binaries/receive.o
 .comment       0x00000000       0x31 binaries/recvclr.o
 .comment       0x00000000       0x31 binaries/recvtime.o
 .comment       0x00000000       0x31 binaries/resched.o
 .comment       0x00000000       0x31 binaries/resume.o
 .comment       0x00000000       0x31 binaries/seek.o
 .comment       0x00000000       0x31 binaries/semcount.o
 .comment       0x00000000       0x31 binaries/semcreate.o
 .comment       0x00000000       0x31 binaries/semdelete.o
 .comment       0x00000000       0x31 binaries/semreset.o
 .comment       0x00000000       0x31 binaries/send.o
 .comment       0x00000000       0x31 binaries/signal.o
 .comment       0x00000000       0x31 binaries/signaln.o
 .comment       0x00000000       0x31 binaries/sleep.o
 .comment       0x00000000       0x31 binaries/suspend.o
 .comment       0x00000000       0x31 binaries/temp.o
 .comment       0x00000000       0x31 binaries/unsleep.o
 .comment       0x00000000       0x31 binaries/userret.o
 .comment       0x00000000       0x31 binaries/wait.o
 .comment       0x00000000       0x31 binaries/wakeup.o
 .comment       0x00000000       0x31 binaries/write.o
 .comment       0x00000000       0x31 binaries/xdone.o
 .comment       0x00000000       0x31 binaries/yield.o
 .comment       0x00000000       0x31 binaries/abs.o
 .comment       0x00000000       0x31 binaries/atoi.o
 .comment       0x00000000       0x31 binaries/atol.o
 .comment       0x00000000       0x31 binaries/bzero.o
 .comment       0x00000000       0x31 binaries/ctype_.o
 .comment       0x00000000       0x31 binaries/doprnt.o
 .comment       0x00000000       0x31 binaries/doscan.o
 .comment       0x00000000       0x31 binaries/fdoprnt.o
 .comment       0x00000000       0x31 binaries/fgetc.o
 .comment       0x00000000       0x31 binaries/fgets.o
 .comment       0x00000000       0x31 binaries/fprintf.o
 .comment       0x00000000       0x31 binaries/fputc.o
 .comment       0x00000000       0x31 binaries/fputs.o
 .comment       0x00000000       0x31 binaries/fscanf.o
 .comment       0x00000000       0x31 binaries/getchar.o
 .comment       0x00000000       0x31 binaries/labs.o
 .comment       0x00000000       0x31 binaries/memchr.o
 .comment       0x00000000       0x31 binaries/memcmp.o
 .comment       0x00000000       0x31 binaries/memcpy.o
 .comment       0x00000000       0x31 binaries/memset.o
 .comment       0x00000000       0x31 binaries/printf.o
 .comment       0x00000000       0x31 binaries/putchar.o
 .comment       0x00000000       0x31 binaries/qsort.o
 .comment       0x00000000       0x31 binaries/rand.o
 .comment       0x00000000       0x31 binaries/sprintf.o
 .comment       0x00000000       0x31 binaries/sscanf.o
 .comment       0x00000000       0x31 binaries/strchr.o
 .comment       0x00000000       0x31 binaries/strcmp.o
 .comment       0x00000000       0x31 binaries/strcpy.o
 .comment       0x00000000       0x31 binaries/strlen.o
 .comment       0x00000000       0x31 binaries/strncat.o
 .comment       0x00000000       0x31 binaries/strncmp.o
 .comment       0x00000000       0x31 binaries/strncpy.o
 .comment       0x00000000       0x31 binaries/strnlen.o
 .comment       0x00000000       0x31 binaries/strrchr.o
 .comment       0x00000000       0x31 binaries/strstr.o
 .comment       0x00000000       0x31 binaries/ttycontrol.o
 .comment       0x00000000       0x31 binaries/ttygetc.o
 .comment       0x00000000       0x31 binaries/ttyhandle_in.o
 .comment       0x00000000       0x31 binaries/ttyhandle_out.o
 .comment       0x00000000       0x31 binaries/ttyhandler.o
 .comment       0x00000000       0x31 binaries/ttyinit.o
 .comment       0x00000000       0x31 binaries/ttykickout.o
 .comment       0x00000000       0x31 binaries/ttyputc.o
 .comment       0x00000000       0x31 binaries/ttyread.o
 .comment       0x00000000       0x31 binaries/ttywrite.o
 .comment       0x00000000       0x31 binaries/mount.o
 .comment       0x00000000       0x31 binaries/naminit.o
 .comment       0x00000000       0x31 binaries/nammap.o
 .comment       0x00000000       0x31 binaries/namopen.o
 .comment       0x00000000       0x31 binaries/ethcontrol.o
 .comment       0x00000000       0x31 binaries/ethhandler.o
 .comment       0x00000000       0x31 binaries/ethinit.o
 .comment       0x00000000       0x31 binaries/ethread.o
 .comment       0x00000000       0x31 binaries/ethwrite.o
 .comment       0x00000000       0x31 binaries/rdsbufalloc.o
 .comment       0x00000000       0x31 binaries/rdsclose.o
 .comment       0x00000000       0x31 binaries/rdscomm.o
 .comment       0x00000000       0x31 binaries/rdscontrol.o
 .comment       0x00000000       0x31 binaries/rdsinit.o
 .comment       0x00000000       0x31 binaries/rdsopen.o
 .comment       0x00000000       0x31 binaries/rdsprocess.o
 .comment       0x00000000       0x31 binaries/rdsread.o
 .comment       0x00000000       0x31 binaries/rdswrite.o
 .comment       0x00000000       0x31 binaries/ramclose.o
 .comment       0x00000000       0x31 binaries/raminit.o
 .comment       0x00000000       0x31 binaries/ramopen.o
 .comment       0x00000000       0x31 binaries/ramread.o
 .comment       0x00000000       0x31 binaries/ramwrite.o
 .comment       0x00000000       0x31 binaries/lfdballoc.o
 .comment       0x00000000       0x31 binaries/lfdbfree.o
 .comment       0x00000000       0x31 binaries/lfflush.o
 .comment       0x00000000       0x31 binaries/lfgetmode.o
 .comment       0x00000000       0x31 binaries/lfiballoc.o
 .comment       0x00000000       0x31 binaries/lfibclear.o
 .comment       0x00000000       0x31 binaries/lfibget.o
 .comment       0x00000000       0x31 binaries/lfibput.o
 .comment       0x00000000       0x31 binaries/lflclose.o
 .comment       0x00000000       0x31 binaries/lflcontrol.o
 .comment       0x00000000       0x31 binaries/lflgetc.o
 .comment       0x00000000       0x31 binaries/lflinit.o
 .comment       0x00000000       0x31 binaries/lflputc.o
 .comment       0x00000000       0x31 binaries/lflread.o
 .comment       0x00000000       0x31 binaries/lflseek.o
 .comment       0x00000000       0x31 binaries/lflwrite.o
 .comment       0x00000000       0x31 binaries/lfscheck.o
 .comment       0x00000000       0x31 binaries/lfsckfmt.o
 .comment       0x00000000       0x31 binaries/lfscreate.o
 .comment       0x00000000       0x31 binaries/lfsetup.o
 .comment       0x00000000       0x31 binaries/lfsinit.o
 .comment       0x00000000       0x31 binaries/lfsopen.o
 .comment       0x00000000       0x31 binaries/lftruncate.o
 .comment       0x00000000       0x31 binaries/rflclose.o
 .comment       0x00000000       0x31 binaries/rflgetc.o
 .comment       0x00000000       0x31 binaries/rflinit.o
 .comment       0x00000000       0x31 binaries/rflputc.o
 .comment       0x00000000       0x31 binaries/rflread.o
 .comment       0x00000000       0x31 binaries/rflseek.o
 .comment       0x00000000       0x31 binaries/rflwrite.o
 .comment       0x00000000       0x31 binaries/rfscomm.o
 .comment       0x00000000       0x31 binaries/rfscontrol.o
 .comment       0x00000000       0x31 binaries/rfsgetmode.o
 .comment       0x00000000       0x31 binaries/rfsinit.o
 .comment       0x00000000       0x31 binaries/rfsndmsg.o
 .comment       0x00000000       0x31 binaries/rfsopen.o
 .comment       0x00000000       0x31 binaries/spicontrol.o
 .comment       0x00000000       0x31 binaries/spiinit.o
 .comment       0x00000000       0x31 binaries/tempinit.o
 .comment       0x00000000       0x31 binaries/tempread.o
 .comment       0x00000000       0x31 binaries/arp.o
 .comment       0x00000000       0x31 binaries/dhcp.o
 .comment       0x00000000       0x31 binaries/dns.o
 .comment       0x00000000       0x31 binaries/dot2ip.o
 .comment       0x00000000       0x31 binaries/hexdump.o
 .comment       0x00000000       0x31 binaries/icmp.o
 .comment       0x00000000       0x31 binaries/ip.o
 .comment       0x00000000       0x31 binaries/net.o
 .comment       0x00000000       0x31 binaries/pdump.o
 .comment       0x00000000       0x31 binaries/tftp.o
 .comment       0x00000000       0x31 binaries/udp.o
 .comment       0x00000000       0x31 binaries/addargs.o
 .comment       0x00000000       0x31 binaries/lexan.o
 .comment       0x00000000       0x31 binaries/shell.o
 .comment       0x00000000       0x31 binaries/xsh_argecho.o
 .comment       0x00000000       0x31 binaries/xsh_arp.o
 .comment       0x00000000       0x31 binaries/xsh_cat.o
 .comment       0x00000000       0x31 binaries/xsh_clear.o
 .comment       0x00000000       0x31 binaries/xsh_date.o
 .comment       0x00000000       0x31 binaries/xsh_devdump.o
 .comment       0x00000000       0x31 binaries/xsh_echo.o
 .comment       0x00000000       0x31 binaries/xsh_exit.o
 .comment       0x00000000       0x31 binaries/xsh_help.o
 .comment       0x00000000       0x31 binaries/xsh_kill.o
 .comment       0x00000000       0x31 binaries/xsh_memdump.o
 .comment       0x00000000       0x31 binaries/xsh_memstat.o
 .comment       0x00000000       0x31 binaries/xsh_netinfo.o
 .comment       0x00000000       0x31 binaries/xsh_ping.o
 .comment       0x00000000       0x31 binaries/xsh_ps.o
 .comment       0x00000000       0x31 binaries/xsh_sleep.o
 .comment       0x00000000       0x31 binaries/xsh_udpdump.o
 .comment       0x00000000       0x31 binaries/xsh_udpecho.o
 .comment       0x00000000       0x31 binaries/xsh_udpserver.o
 .comment       0x00000000       0x31 binaries/xsh_uptime.o

.debug_frame    0x00000000       0x40
 .debug_frame   0x00000000       0x20 ../cross_compiler/lib/gcc/arm-none-eabi/4.8.1//libgcc.a(_udivsi3.o)
 .debug_frame   0x00000020       0x20 ../cross_compiler/lib/gcc/arm-none-eabi/4.8.1//libgcc.a(_divsi3.o)
